Archive member included to satisfy reference by file (symbol)

c:/nxp/mcuxpressoide_11.0.1_2563/ide/plugins/com.nxp.mcuxpresso.tools.win32_11.0.1.201907311258/tools/bin/../lib/gcc/arm-none-eabi/8.2.1/../../../../arm-none-eabi/lib/thumb/v6-m/nofp\libcr_nohost_nf.a(_cr__main.o)
                              ./startup/startup_mkl25z4.o (__main)
c:/nxp/mcuxpressoide_11.0.1_2563/ide/plugins/com.nxp.mcuxpresso.tools.win32_11.0.1.201907311258/tools/bin/../lib/gcc/arm-none-eabi/8.2.1/../../../../arm-none-eabi/lib/thumb/v6-m/nofp\libcr_c.a(memcpy.o)
                              ./drivers/fsl_flash.o (memcpy)
c:/nxp/mcuxpressoide_11.0.1_2563/ide/plugins/com.nxp.mcuxpresso.tools.win32_11.0.1.201907311258/tools/bin/../lib/gcc/arm-none-eabi/8.2.1/../../../../arm-none-eabi/lib/thumb/v6-m/nofp\libcr_c.a(memset.o)
                              ./drivers/fsl_flash.o (memset)
c:/nxp/mcuxpressoide_11.0.1_2563/ide/plugins/com.nxp.mcuxpresso.tools.win32_11.0.1.201907311258/tools/bin/../lib/gcc/arm-none-eabi/8.2.1/../../../../arm-none-eabi/lib/thumb/v6-m/nofp\libcr_c.a(alloc.o)
                              ./source/UART_PES5.o (malloc)
c:/nxp/mcuxpressoide_11.0.1_2563/ide/plugins/com.nxp.mcuxpresso.tools.win32_11.0.1.201907311258/tools/bin/../lib/gcc/arm-none-eabi/8.2.1/../../../../arm-none-eabi/lib/thumb/v6-m/nofp\libcr_c.a(initio.o)
                              c:/nxp/mcuxpressoide_11.0.1_2563/ide/plugins/com.nxp.mcuxpresso.tools.win32_11.0.1.201907311258/tools/bin/../lib/gcc/arm-none-eabi/8.2.1/../../../../arm-none-eabi/lib/thumb/v6-m/nofp\libcr_nohost_nf.a(_cr__main.o) (_initio)
c:/nxp/mcuxpressoide_11.0.1_2563/ide/plugins/com.nxp.mcuxpresso.tools.win32_11.0.1.201907311258/tools/bin/../lib/gcc/arm-none-eabi/8.2.1/../../../../arm-none-eabi/lib/thumb/v6-m/nofp\libcr_c.a(printf.o)
                              ./board/Delay_Function.o (_sprintf)
c:/nxp/mcuxpressoide_11.0.1_2563/ide/plugins/com.nxp.mcuxpresso.tools.win32_11.0.1.201907311258/tools/bin/../lib/gcc/arm-none-eabi/8.2.1/../../../../arm-none-eabi/lib/thumb/v6-m/nofp\libcr_c.a(setvbuf.o)
                              c:/nxp/mcuxpressoide_11.0.1_2563/ide/plugins/com.nxp.mcuxpresso.tools.win32_11.0.1.201907311258/tools/bin/../lib/gcc/arm-none-eabi/8.2.1/../../../../arm-none-eabi/lib/thumb/v6-m/nofp\libcr_c.a(initio.o) (setvbuf)
c:/nxp/mcuxpressoide_11.0.1_2563/ide/plugins/com.nxp.mcuxpresso.tools.win32_11.0.1.201907311258/tools/bin/../lib/gcc/arm-none-eabi/8.2.1/../../../../arm-none-eabi/lib/thumb/v6-m/nofp\libcr_c.a(strlen.o)
                              ./utilities/fsl_debug_console.o (strlen)
c:/nxp/mcuxpressoide_11.0.1_2563/ide/plugins/com.nxp.mcuxpresso.tools.win32_11.0.1.201907311258/tools/bin/../lib/gcc/arm-none-eabi/8.2.1/../../../../arm-none-eabi/lib/thumb/v6-m/nofp\libcr_c.a(__init_alloc.o)
                              c:/nxp/mcuxpressoide_11.0.1_2563/ide/plugins/com.nxp.mcuxpresso.tools.win32_11.0.1.201907311258/tools/bin/../lib/gcc/arm-none-eabi/8.2.1/../../../../arm-none-eabi/lib/thumb/v6-m/nofp\libcr_c.a(alloc.o) (__heaps)
c:/nxp/mcuxpressoide_11.0.1_2563/ide/plugins/com.nxp.mcuxpresso.tools.win32_11.0.1.201907311258/tools/bin/../lib/gcc/arm-none-eabi/8.2.1/../../../../arm-none-eabi/lib/thumb/v6-m/nofp\libcr_c.a(_cr_sbrk.o)
                              c:/nxp/mcuxpressoide_11.0.1_2563/ide/plugins/com.nxp.mcuxpresso.tools.win32_11.0.1.201907311258/tools/bin/../lib/gcc/arm-none-eabi/8.2.1/../../../../arm-none-eabi/lib/thumb/v6-m/nofp\libcr_c.a(alloc.o) (_sbrk)
c:/nxp/mcuxpressoide_11.0.1_2563/ide/plugins/com.nxp.mcuxpresso.tools.win32_11.0.1.201907311258/tools/bin/../lib/gcc/arm-none-eabi/8.2.1/../../../../arm-none-eabi/lib/thumb/v6-m/nofp\libcr_c.a(_deferredlazyseek.o)
                              c:/nxp/mcuxpressoide_11.0.1_2563/ide/plugins/com.nxp.mcuxpresso.tools.win32_11.0.1.201907311258/tools/bin/../lib/gcc/arm-none-eabi/8.2.1/../../../../arm-none-eabi/lib/thumb/v6-m/nofp\libcr_c.a(printf.o) (__flsbuf)
c:/nxp/mcuxpressoide_11.0.1_2563/ide/plugins/com.nxp.mcuxpresso.tools.win32_11.0.1.201907311258/tools/bin/../lib/gcc/arm-none-eabi/8.2.1/../../../../arm-none-eabi/lib/thumb/v6-m/nofp\libcr_c.a(_fdopen.o)
                              c:/nxp/mcuxpressoide_11.0.1_2563/ide/plugins/com.nxp.mcuxpresso.tools.win32_11.0.1.201907311258/tools/bin/../lib/gcc/arm-none-eabi/8.2.1/../../../../arm-none-eabi/lib/thumb/v6-m/nofp\libcr_c.a(initio.o) (_fdopen)
c:/nxp/mcuxpressoide_11.0.1_2563/ide/plugins/com.nxp.mcuxpresso.tools.win32_11.0.1.201907311258/tools/bin/../lib/gcc/arm-none-eabi/8.2.1/../../../../arm-none-eabi/lib/thumb/v6-m/nofp\libcr_c.a(_fflush.o)
                              c:/nxp/mcuxpressoide_11.0.1_2563/ide/plugins/com.nxp.mcuxpresso.tools.win32_11.0.1.201907311258/tools/bin/../lib/gcc/arm-none-eabi/8.2.1/../../../../arm-none-eabi/lib/thumb/v6-m/nofp\libcr_c.a(_deferredlazyseek.o) (_fflush)
[...]
Memory Configuration

Name             Origin             Length             Attributes
PROGRAM_FLASH    0x00000000         0x00020000         xr
SRAM             0x1ffff000         0x00004000         xrw
*default*        0x00000000         0xffffffff

Linker script and memory map

LOAD ./utilities/fsl_debug_console.o
LOAD ./startup/startup_mkl25z4.o
LOAD ./source/UART_PES5.o
LOAD ./source/mtb.o
LOAD ./source/semihost_hardfault.o
LOAD ./drivers/fsl_clock.o
LOAD ./drivers/fsl_common.o
LOAD ./drivers/fsl_flash.o
LOAD ./drivers/fsl_gpio.o
LOAD ./drivers/fsl_lpsci.o
LOAD ./drivers/fsl_smc.o
LOAD ./drivers/fsl_uart.o
LOAD ./board/CIRCULAR_BUFFER.o
LOAD ./board/Counting_Characters.o
LOAD ./board/Delay_Function.o
LOAD ./board/LED_Blink.o
LOAD ./board/Logger.o
LOAD ./board/System.o
LOAD ./board/UART.o
LOAD ./board/Unit_Testing.o
LOAD ./board/board.o
LOAD ./board/clock_config.o
LOAD ./board/peripherals.o
LOAD ./board/pin_mux.o
LOAD ./CMSIS/system_MKL25Z4.o
START GROUP
LOAD c:/nxp/mcuxpressoide_11.0.1_2563/ide/plugins/com.nxp.mcuxpresso.tools.win32_11.0.1.201907311258/tools/bin/../lib/gcc/arm-none-eabi/8.2.1/../../../../arm-none-eabi/lib/thumb/v6-m/nofp\libcr_nohost_nf.a
LOAD c:/nxp/mcuxpressoide_11.0.1_2563/ide/plugins/com.nxp.mcuxpresso.tools.win32_11.0.1.201907311258/tools/bin/../lib/gcc/arm-none-eabi/8.2.1/../../../../arm-none-eabi/lib/thumb/v6-m/nofp\libcr_c.a
LOAD c:/nxp/mcuxpressoide_11.0.1_2563/ide/plugins/com.nxp.mcuxpresso.tools.win32_11.0.1.201907311258/tools/bin/../lib/gcc/arm-none-eabi/8.2.1/thumb/v6-m/nofp\libcr_eabihelpers.a
LOAD c:/nxp/mcuxpressoide_11.0.1_2563/ide/plugins/com.nxp.mcuxpresso.tools.win32_11.0.1.201907311258/tools/bin/../lib/gcc/arm-none-eabi/8.2.1/thumb/v6-m/nofp\libgcc.a
END GROUP
                0x00000000                __base_PROGRAM_FLASH = 0x0
                0x00000000                __base_Flash = 0x0
                0x00020000                __top_PROGRAM_FLASH = 0x20000
                0x00020000                __top_Flash = 0x20000
                0x1ffff000                __base_SRAM = 0x1ffff000
                0x1ffff000                __base_RAM = 0x1ffff000
                0x20003000                __top_SRAM = 0x20003000
                0x20003000                __top_RAM = 0x20003000

.text           0x00000000     0x38a0
 FILL mask 0xff
                0x00000000                __vectors_start__ = ABSOLUTE (.)
 *(SORT_BY_ALIGNMENT(.isr_vector))
 .isr_vector    0x00000000       0xc0 ./startup/startup_mkl25z4.o
                0x00000000                g_pfnVectors
                0x00000000                __Vectors
                0x000000c0                . = ALIGN (0x4)
                0x000000c0                __section_table_start = .
                0x000000c0                __data_section_table = .
                0x000000c0        0x4 LONG 0x38a0 LOADADDR (.data)
                0x000000c4        0x4 LONG 0x1ffff080 ADDR (.data)
                0x000000c8        0x4 LONG 0x10 SIZEOF (.data)
                0x000000cc                __data_section_table_end = .
                0x000000cc                __bss_section_table = .
                0x000000cc        0x4 LONG 0x1ffff090 ADDR (.bss)
                0x000000d0        0x4 LONG 0x100 SIZEOF (.bss)
                0x000000d4                __bss_section_table_end = .
                0x000000d4                __section_table_end = .
 *(SORT_BY_ALIGNMENT(.after_vectors*))
 .after_vectors.reset
                0x000000d4       0x4c ./startup/startup_mkl25z4.o
                0x000000d4                ResetISR
 .after_vectors.init_data
                0x00000120       0x12 ./startup/startup_mkl25z4.o
                0x00000120                data_init
 .after_vectors.init_bss
                0x00000132       0x10 ./startup/startup_mkl25z4.o
                0x00000132                bss_init
 .after_vectors
                0x00000142      0x10c ./startup/startup_mkl25z4.o
                0x00000142                NMI_Handler
                0x00000146                SVC_Handler
                0x00000148                PendSV_Handler
                0x0000014c                SPI1_DriverIRQHandler
                0x0000014c                LPTMR0_DriverIRQHandler
                0x0000014c                DMA0_DriverIRQHandler
                0x0000014c                I2C0_DriverIRQHandler
                0x0000014c                Reserved39_DriverIRQHandler
                0x0000014c                PORTD_DriverIRQHandler
                0x0000014c                DMA2_DriverIRQHandler
                0x0000014c                CMP0_DriverIRQHandler
                0x0000014c                TPM2_DriverIRQHandler
                0x0000014c                ADC0_DriverIRQHandler
                0x0000014c                SPI0_DriverIRQHandler
                0x0000014c                TSI0_DriverIRQHandler
                0x0000014c                RTC_Seconds_DriverIRQHandler
                0x0000014c                I2C1_DriverIRQHandler
                0x0000014c                LLWU_DriverIRQHandler
                0x0000014c                MCG_DriverIRQHandler
                0x0000014c                DMA1_DriverIRQHandler
                0x0000014c                PIT_DriverIRQHandler
                0x0000014c                RTC_DriverIRQHandler
                0x0000014c                FTFA_DriverIRQHandler
                0x0000014c                IntDefaultHandler
                0x0000014c                USB0_DriverIRQHandler
                0x0000014c                DAC0_DriverIRQHandler
                0x0000014c                TPM1_DriverIRQHandler
                0x0000014c                LVD_LVW_DriverIRQHandler
                0x0000014c                TPM0_DriverIRQHandler
                0x0000014c                PORTA_DriverIRQHandler
                0x0000014c                Reserved45_DriverIRQHandler
                0x0000014c                Reserved20_DriverIRQHandler
                0x0000014c                DMA3_DriverIRQHandler
                0x0000014e                DMA0_IRQHandler
                0x00000156                DMA1_IRQHandler
                0x0000015e                DMA2_IRQHandler
                0x00000166                DMA3_IRQHandler
                0x0000016e                Reserved20_IRQHandler
                0x00000176                FTFA_IRQHandler
                0x0000017e                LVD_LVW_IRQHandler
                0x00000186                LLWU_IRQHandler
                0x0000018e                I2C0_IRQHandler
                0x00000196                I2C1_IRQHandler
                0x0000019e                SPI0_IRQHandler
                0x000001a6                SPI1_IRQHandler
                0x000001b6                UART1_IRQHandler
                0x000001be                UART2_IRQHandler
                0x000001c6                ADC0_IRQHandler
                0x000001ce                CMP0_IRQHandler
                0x000001d6                TPM0_IRQHandler
                0x000001de                TPM1_IRQHandler
                0x000001e6                TPM2_IRQHandler
                0x000001ee                RTC_IRQHandler
                0x000001f6                RTC_Seconds_IRQHandler
                0x000001fe                PIT_IRQHandler
                0x00000206                Reserved39_IRQHandler
                0x0000020e                USB0_IRQHandler
                0x00000216                DAC0_IRQHandler
                0x0000021e                TSI0_IRQHandler
                0x00000226                MCG_IRQHandler
                0x0000022e                LPTMR0_IRQHandler
                0x00000236                Reserved45_IRQHandler
                0x0000023e                PORTA_IRQHandler
                0x00000246                PORTD_IRQHandler
                0x00000400                . = 0x400
 *fill*         0x0000024e      0x1b2 ff
                0x00000400                PROVIDE (__FLASH_CONFIG_START__ = .)
 *(SORT_BY_ALIGNMENT(.FlashConfig))
 .FlashConfig   0x00000400       0x10 ./startup/startup_mkl25z4.o
                0x00000400                Flash_Config
                0x00000410                PROVIDE (__FLASH_CONFIG_END__ = .)
                0x00000001                ASSERT (! ((__FLASH_CONFIG_START__ == __FLASH_CONFIG_END__)), Linker Flash Config Support Enabled, but no .FlashConfig section provided within application)
 *(SORT_BY_ALIGNMENT(.text*))
 .text.DbgConsole_Init
                0x00000410       0xf0 ./utilities/fsl_debug_console.o
                0x00000410                DbgConsole_Init
 .text.DbgConsole_Printf
                0x00000500       0x44 ./utilities/fsl_debug_console.o
                0x00000500                DbgConsole_Printf
 .text.DbgConsole_Putchar
                0x00000544       0x34 ./utilities/fsl_debug_console.o
                0x00000544                DbgConsole_Putchar
 .text.main     0x00000578       0xcc ./source/UART_PES5.o
                0x00000578                main
 .text.HardFault_Handler
                0x00000644       0x30 ./source/semihost_hardfault.o
                0x00000644                HardFault_Handler
 .text.CLOCK_SetEr32kClock
                0x00000674       0x34 ./drivers/fsl_clock.o
 .text.CLOCK_SetPllFllSelClock
                0x000006a8       0x38 ./drivers/fsl_clock.o
 .text.CLOCK_GetMcgExtClkFreq
                0x000006e0       0x28 ./drivers/fsl_clock.o
 .text.CLOCK_GetFllExtRefClkFreq
                0x00000708       0xa4 ./drivers/fsl_clock.o
 .text.CLOCK_GetFllRefClkFreq
                0x000007ac       0x2c ./drivers/fsl_clock.o
 .text.CLOCK_GetOscRangeFromFreq
                0x000007d8       0x4c ./drivers/fsl_clock.o
 .text.CLOCK_GetPllFllSelClkFreq
                0x00000824       0x4c ./drivers/fsl_clock.o
                0x00000824                CLOCK_GetPllFllSelClkFreq
 .text.CLOCK_SetSimConfig
                0x00000870       0x38 ./drivers/fsl_clock.o
                0x00000870                CLOCK_SetSimConfig
 .text.CLOCK_GetFllFreq
                0x000008a8       0x84 ./drivers/fsl_clock.o
                0x000008a8                CLOCK_GetFllFreq
 .text.CLOCK_GetPll0Freq
                0x0000092c       0x70 ./drivers/fsl_clock.o
                0x0000092c                CLOCK_GetPll0Freq
 .text.CLOCK_SetInternalRefClkConfig
                0x0000099c      0x124 ./drivers/fsl_clock.o
                0x0000099c                CLOCK_SetInternalRefClkConfig
 .text.CLOCK_EnablePll0
                0x00000ac0       0x90 ./drivers/fsl_clock.o
                0x00000ac0                CLOCK_EnablePll0
 .text.CLOCK_InitOsc0
                0x00000b50       0x94 ./drivers/fsl_clock.o
                0x00000b50                CLOCK_InitOsc0
 .text.CLOCK_SetPbeMode
                0x00000be4       0xb0 ./drivers/fsl_clock.o
                0x00000be4                CLOCK_SetPbeMode
 .text.CLOCK_BootToPeeMode
                0x00000c94       0x70 ./drivers/fsl_clock.o
                0x00000c94                CLOCK_BootToPeeMode
 .text.__assertion_failed
                0x00000d04       0x1c ./drivers/fsl_common.o
                0x00000d04                __assertion_failed
 .text.GPIO_PinInit
                0x00000d20       0x64 ./drivers/fsl_gpio.o
                0x00000d20                GPIO_PinInit
 .text.CLOCK_EnableClock
                0x00000d84       0x34 ./drivers/fsl_lpsci.o
 .text.LPSCI_GetInstance
                0x00000db8       0x48 ./drivers/fsl_lpsci.o
                0x00000db8                LPSCI_GetInstance
 .text.LPSCI_Init
                0x00000e00      0x258 ./drivers/fsl_lpsci.o
                0x00000e00                LPSCI_Init
 .text.LPSCI_GetDefaultConfig
                0x00001058       0x44 ./drivers/fsl_lpsci.o
                0x00001058                LPSCI_GetDefaultConfig
 .text.LPSCI_ClearStatusFlags
                0x0000109c       0x94 ./drivers/fsl_lpsci.o
                0x0000109c                LPSCI_ClearStatusFlags
 .text.LPSCI_WriteBlocking
                0x00001130       0x4c ./drivers/fsl_lpsci.o
                0x00001130                LPSCI_WriteBlocking
 .text.LPSCI_ReadBlocking
                0x0000117c       0xc0 ./drivers/fsl_lpsci.o
                0x0000117c                LPSCI_ReadBlocking
 .text.UART0_DriverIRQHandler
                0x0000123c       0x24 ./drivers/fsl_lpsci.o
                0x0000123c                UART0_DriverIRQHandler
 .text.CLOCK_EnableClock
                0x00001260       0x34 ./drivers/fsl_uart.o
 .text.UART_GetInstance
                0x00001294       0x54 ./drivers/fsl_uart.o
                0x00001294                UART_GetInstance
 .text.UART_Init
                0x000012e8      0x1e0 ./drivers/fsl_uart.o
                0x000012e8                UART_Init
 .text.UART_GetDefaultConfig
                0x000014c8       0x44 ./drivers/fsl_uart.o
                0x000014c8                UART_GetDefaultConfig
 .text.UART_ReadBlocking
                0x0000150c       0x98 ./drivers/fsl_uart.o
                0x0000150c                UART_ReadBlocking
 .text.UART1_DriverIRQHandler
                0x000015a4       0x24 ./drivers/fsl_uart.o
                0x000015a4                UART1_DriverIRQHandler
 .text.UART2_DriverIRQHandler
                0x000015c8       0x24 ./drivers/fsl_uart.o
                0x000015c8                UART2_DriverIRQHandler
 .text.Init_Buffer
                0x000015ec       0x7c ./board/CIRCULAR_BUFFER.o
                0x000015ec                Init_Buffer
 .text.Delay_Time
                0x00001668       0x4c ./board/Delay_Function.o
                0x00001668                Delay_Time
 .text.SysTick_Handler
                0x000016b4       0x18 ./board/Delay_Function.o
                0x000016b4                SysTick_Handler
 .text.GREEN_LED_INIT
                0x000016cc       0x20 ./board/LED_Blink.o
                0x000016cc                GREEN_LED_INIT
 .text.GREEN_LED_ON
                0x000016ec       0x1c ./board/LED_Blink.o
                0x000016ec                GREEN_LED_ON
 .text.RED_LED_INIT
                0x00001708       0x20 ./board/LED_Blink.o
                0x00001708                RED_LED_INIT
 .text.BLUE_LED_INIT
                0x00001728       0x20 ./board/LED_Blink.o
                0x00001728                BLUE_LED_INIT
 .text.BLUE_LED_ON
                0x00001748       0x18 ./board/LED_Blink.o
                0x00001748                BLUE_LED_ON
 .text.BLUE_LED_OFF
                0x00001760       0x18 ./board/LED_Blink.o
                0x00001760                BLUE_LED_OFF
 .text.NVIC_EnableIRQ
                0x00001778       0x2c ./board/UART.o
 .text.NVIC_ClearPendingIRQ
                0x000017a4       0x30 ./board/UART.o
 .text.NVIC_SetPriority
                0x000017d4       0xdc ./board/UART.o
 .text.Init_UART0
                0x000018b0      0x190 ./board/UART.o
                0x000018b0                Init_UART0
 .text.UART0_IRQHandler
                0x00001a40       0xa8 ./board/UART.o
                0x00001a40                UART0_IRQHandler
 .text.UART0_Transmit_Poll
                0x00001ae8       0x30 ./board/UART.o
                0x00001ae8                UART0_Transmit_Poll
 .text.Echo     0x00001b18       0x4c ./board/UART.o
                0x00001b18                Echo
 .text.CLOCK_SetLpsci0Clock
                0x00001b64       0x38 ./board/board.o
 .text.BOARD_InitDebugConsole
                0x00001b9c       0x30 ./board/board.o
                0x00001b9c                BOARD_InitDebugConsole
 .text.CLOCK_SetSimSafeDivs
                0x00001bcc       0x20 ./board/clock_config.o
 .text.CLOCK_SetXtal0Freq
                0x00001bec       0x1c ./board/clock_config.o
 .text.CLOCK_CONFIG_SetFllExtRefDiv
                0x00001c08       0x3c ./board/clock_config.o
 .text.BOARD_BootClockRUN
                0x00001c44       0x64 ./board/clock_config.o
                0x00001c44                BOARD_BootClockRUN
 .text.CLOCK_EnableClock
                0x00001ca8       0x34 ./board/pin_mux.o
 .text.PORT_SetPinMux
                0x00001cdc       0x40 ./board/pin_mux.o
 .text.BOARD_InitPins
                0x00001d1c       0x90 ./board/pin_mux.o
                0x00001d1c                BOARD_InitPins
 .text.SystemInit
                0x00001dac       0x18 ./CMSIS/system_MKL25Z4.o
                0x00001dac                SystemInit
 .text.malloc   0x00001dc4       0xcc c:/nxp/mcuxpressoide_11.0.1_2563/ide/plugins/com.nxp.mcuxpresso.tools.win32_11.0.1.201907311258/tools/bin/../lib/gcc/arm-none-eabi/8.2.1/../../../../arm-none-eabi/lib/thumb/v6-m/nofp\libcr_c.a(alloc.o)
                0x00001dc4                malloc
 .text._initio  0x00001e90       0x7c c:/nxp/mcuxpressoide_11.0.1_2563/ide/plugins/com.nxp.mcuxpresso.tools.win32_11.0.1.201907311258/tools/bin/../lib/gcc/arm-none-eabi/8.2.1/../../../../arm-none-eabi/lib/thumb/v6-m/nofp\libcr_c.a(initio.o)
                0x00001e90                _initio
 .text.setvbuf  0x00001f0c       0x4c c:/nxp/mcuxpressoide_11.0.1_2563/ide/plugins/com.nxp.mcuxpresso.tools.win32_11.0.1.201907311258/tools/bin/../lib/gcc/arm-none-eabi/8.2.1/../../../../arm-none-eabi/lib/thumb/v6-m/nofp\libcr_c.a(setvbuf.o)
                0x00001f0c                setvbuf
 .text.strlen   0x00001f58       0x58 c:/nxp/mcuxpressoide_11.0.1_2563/ide/plugins/com.nxp.mcuxpresso.tools.win32_11.0.1.201907311258/tools/bin/../lib/gcc/arm-none-eabi/8.2.1/../../../../arm-none-eabi/lib/thumb/v6-m/nofp\libcr_c.a(strlen.o)
                0x00001f58                strlen
 .text._sbrk    0x00001fb0       0x40 c:/nxp/mcuxpressoide_11.0.1_2563/ide/plugins/com.nxp.mcuxpresso.tools.win32_11.0.1.201907311258/tools/bin/../lib/gcc/arm-none-eabi/8.2.1/../../../../arm-none-eabi/lib/thumb/v6-m/nofp\libcr_c.a(_cr_sbrk.o)
                0x00001fb0                _sbrk
 .text._deferredlazyseek
                0x00001ff0       0x40 c:/nxp/mcuxpressoide_11.0.1_2563/ide/plugins/com.nxp.mcuxpresso.tools.win32_11.0.1.201907311258/tools/bin/../lib/gcc/arm-none-eabi/8.2.1/../../../../arm-none-eabi/lib/thumb/v6-m/nofp\libcr_c.a(_deferredlazyseek.o)
                0x00001ff0                _deferredlazyseek
 .text._fdopen  0x00002030       0x74 c:/nxp/mcuxpressoide_11.0.1_2563/ide/plugins/com.nxp.mcuxpresso.tools.win32_11.0.1.201907311258/tools/bin/../lib/gcc/arm-none-eabi/8.2.1/../../../../arm-none-eabi/lib/thumb/v6-m/nofp\libcr_c.a(_fdopen.o)
                0x00002030                _fdopen
 .text._fflush  0x000020a4       0x5c c:/nxp/mcuxpressoide_11.0.1_2563/ide/plugins/com.nxp.mcuxpresso.tools.win32_11.0.1.201907311258/tools/bin/../lib/gcc/arm-none-eabi/8.2.1/../../../../arm-none-eabi/lib/thumb/v6-m/nofp\libcr_c.a(_fflush.o)
                0x000020a4                _fflush
 .text._Cwritebuf
                0x00002100       0x68 c:/nxp/mcuxpressoide_11.0.1_2563/ide/plugins/com.nxp.mcuxpresso.tools.win32_11.0.1.201907311258/tools/bin/../lib/gcc/arm-none-eabi/8.2.1/../../../../arm-none-eabi/lib/thumb/v6-m/nofp\libcr_c.a(_writebuf.o)
                0x00002100                _Cwritebuf
 .text.fclose   0x00002168       0x5c c:/nxp/mcuxpressoide_11.0.1_2563/ide/plugins/com.nxp.mcuxpresso.tools.win32_11.0.1.201907311258/tools/bin/../lib/gcc/arm-none-eabi/8.2.1/../../../../arm-none-eabi/lib/thumb/v6-m/nofp\libcr_c.a(fclose.o)
                0x00002168                fclose
 .text.fflush   0x000021c4       0x44 c:/nxp/mcuxpressoide_11.0.1_2563/ide/plugins/com.nxp.mcuxpresso.tools.win32_11.0.1.201907311258/tools/bin/../lib/gcc/arm-none-eabi/8.2.1/../../../../arm-none-eabi/lib/thumb/v6-m/nofp\libcr_c.a(fflush.o)
                0x000021c4                fflush
 .text.fseek    0x00002208       0xf0 c:/nxp/mcuxpressoide_11.0.1_2563/ide/plugins/com.nxp.mcuxpresso.tools.win32_11.0.1.201907311258/tools/bin/../lib/gcc/arm-none-eabi/8.2.1/../../../../arm-none-eabi/lib/thumb/v6-m/nofp\libcr_c.a(fseek.o)
                0x00002208                fseek
 .text.ftell    0x000022f8       0x48 c:/nxp/mcuxpressoide_11.0.1_2563/ide/plugins/com.nxp.mcuxpresso.tools.win32_11.0.1.201907311258/tools/bin/../lib/gcc/arm-none-eabi/8.2.1/../../../../arm-none-eabi/lib/thumb/v6-m/nofp\libcr_c.a(ftell.o)
                0x000022f8                ftell
 .text.__check_heap_overflow
                0x00002340       0x14 c:/nxp/mcuxpressoide_11.0.1_2563/ide/plugins/com.nxp.mcuxpresso.tools.win32_11.0.1.201907311258/tools/bin/../lib/gcc/arm-none-eabi/8.2.1/../../../../arm-none-eabi/lib/thumb/v6-m/nofp\libcr_c.a(_cr_check_heap.o)
                0x00002340                __check_heap_overflow
 .text._do_fflush
                0x00002354       0x44 c:/nxp/mcuxpressoide_11.0.1_2563/ide/plugins/com.nxp.mcuxpresso.tools.win32_11.0.1.201907311258/tools/bin/../lib/gcc/arm-none-eabi/8.2.1/../../../../arm-none-eabi/lib/thumb/v6-m/nofp\libcr_c.a(_do_fflush.o)
                0x00002354                _do_fflush
 .text.__aeabi_ddiv
                0x00002398      0x148 c:/nxp/mcuxpressoide_11.0.1_2563/ide/plugins/com.nxp.mcuxpresso.tools.win32_11.0.1.201907311258/tools/bin/../lib/gcc/arm-none-eabi/8.2.1/thumb/v6-m/nofp\libcr_eabihelpers.a(double.o)
                0x00002398                __aeabi_ddiv
 .text.__aeabi_d2uiz
                0x000024e0       0x34 c:/nxp/mcuxpressoide_11.0.1_2563/ide/plugins/com.nxp.mcuxpresso.tools.win32_11.0.1.201907311258/tools/bin/../lib/gcc/arm-none-eabi/8.2.1/thumb/v6-m/nofp\libcr_eabihelpers.a(double.o)
                0x000024e0                __aeabi_d2uiz
 .text.UART_EnableTx
                0x00002514       0x40 ./utilities/fsl_debug_console.o
 .text.UART_EnableRx
                0x00002554       0x40 ./utilities/fsl_debug_console.o
 .text.LPSCI_EnableTx
                0x00002594       0x40 ./utilities/fsl_debug_console.o
 .text.LPSCI_EnableRx
                0x000025d4       0x40 ./utilities/fsl_debug_console.o
 .text.DbgConsole_PrintfPaddingCharacter
                0x00002614       0x46 ./utilities/fsl_debug_console.o
 .text.DbgConsole_ConvertRadixNumToString
                0x0000265a      0x114 ./utilities/fsl_debug_console.o
 .text.DbgConsole_PrintfFormattedData
                0x0000276e      0x336 ./utilities/fsl_debug_console.o
 .text.OSC_SetExtRefClkConfig
                0x00002aa4       0x3e ./drivers/fsl_clock.o
 .text.OSC_SetCapLoad
                0x00002ae2       0x42 ./drivers/fsl_clock.o
 .text.CLOCK_GetPll0RefFreq
                0x00002b24       0x10 ./drivers/fsl_clock.o
 .text.CLOCK_SetExternalRefClkConfig
                0x00002b34       0x16 ./drivers/fsl_clock.o
                0x00002b34                CLOCK_SetExternalRefClkConfig
 .text.GPIO_WritePinOutput
                0x00002b4a       0x34 ./drivers/fsl_gpio.o
 .text.LPSCI_GetStatusFlags
                0x00002b7e       0x26 ./drivers/fsl_lpsci.o
                0x00002b7e                LPSCI_GetStatusFlags
 .text.UART_GetStatusFlags
                0x00002ba4       0x26 ./drivers/fsl_uart.o
                0x00002ba4                UART_GetStatusFlags
 .text.UART_WriteBlocking
                0x00002bca       0x3a ./drivers/fsl_uart.o
                0x00002bca                UART_WriteBlocking
 .text.GPIO_SetPinsOutput
                0x00002c04       0x18 ./board/LED_Blink.o
 .text.GPIO_ClearPinsOutput
                0x00002c1c       0x18 ./board/LED_Blink.o
 .text.BOARD_InitBootClocks
                0x00002c34        0xe ./board/clock_config.o
                0x00002c34                BOARD_InitBootClocks
 .text.BOARD_InitBootPeripherals
                0x00002c42        0xa ./board/peripherals.o
                0x00002c42                BOARD_InitBootPeripherals
 .text.BOARD_InitBootPins
                0x00002c4c        0xe ./board/pin_mux.o
                0x00002c4c                BOARD_InitBootPins
 .text.__main   0x00002c5a        0xc c:/nxp/mcuxpressoide_11.0.1_2563/ide/plugins/com.nxp.mcuxpresso.tools.win32_11.0.1.201907311258/tools/bin/../lib/gcc/arm-none-eabi/8.2.1/../../../../arm-none-eabi/lib/thumb/v6-m/nofp\libcr_nohost_nf.a(_cr__main.o)
                0x00002c5a                __main
 .text.memset   0x00002c66        0x8 c:/nxp/mcuxpressoide_11.0.1_2563/ide/plugins/com.nxp.mcuxpresso.tools.win32_11.0.1.201907311258/tools/bin/../lib/gcc/arm-none-eabi/8.2.1/../../../../arm-none-eabi/lib/thumb/v6-m/nofp\libcr_c.a(memset.o)
                0x00002c66                memset
 .text.free     0x00002c6e       0x2c c:/nxp/mcuxpressoide_11.0.1_2563/ide/plugins/com.nxp.mcuxpresso.tools.win32_11.0.1.201907311258/tools/bin/../lib/gcc/arm-none-eabi/8.2.1/../../../../arm-none-eabi/lib/thumb/v6-m/nofp\libcr_c.a(alloc.o)
                0x00002c6e                free
 .text.remove   0x00002c9a       0x12 c:/nxp/mcuxpressoide_11.0.1_2563/ide/plugins/com.nxp.mcuxpresso.tools.win32_11.0.1.201907311258/tools/bin/../lib/gcc/arm-none-eabi/8.2.1/../../../../arm-none-eabi/lib/thumb/v6-m/nofp\libcr_c.a(remove.o)
                0x00002c9a                remove
 .text.__aeabi_division_idivmod
                0x00002cac       0x78 c:/nxp/mcuxpressoide_11.0.1_2563/ide/plugins/com.nxp.mcuxpresso.tools.win32_11.0.1.201907311258/tools/bin/../lib/gcc/arm-none-eabi/8.2.1/thumb/v6-m/nofp\libcr_eabihelpers.a(division_32.o)
                0x00002cac                __aeabi_idivmod
                0x00002cac                __aeabi_idiv
                0x00002cb2                __aeabi_uidivmod
                0x00002cb2                __aeabi_uidiv
 .text.__aeabi_division_idiv0
                0x00002d24        0x2 c:/nxp/mcuxpressoide_11.0.1_2563/ide/plugins/com.nxp.mcuxpresso.tools.win32_11.0.1.201907311258/tools/bin/../lib/gcc/arm-none-eabi/8.2.1/thumb/v6-m/nofp\libcr_eabihelpers.a(division_idiv0.o)
                0x00002d24                __aeabi_idiv0
 .text.__bhs_ui2d
                0x00002d26       0x5e c:/nxp/mcuxpressoide_11.0.1_2563/ide/plugins/com.nxp.mcuxpresso.tools.win32_11.0.1.201907311258/tools/bin/../lib/gcc/arm-none-eabi/8.2.1/thumb/v6-m/nofp\libcr_eabihelpers.a(double.o)
                0x00002d26                __bhs_ui2d
 .text.__aeabi_ui2d
                0x00002d84        0xc c:/nxp/mcuxpressoide_11.0.1_2563/ide/plugins/com.nxp.mcuxpresso.tools.win32_11.0.1.201907311258/tools/bin/../lib/gcc/arm-none-eabi/8.2.1/thumb/v6-m/nofp\libcr_eabihelpers.a(double.o)
                0x00002d84                __aeabi_ui2d
 .text.__aeabi_memset_lowlevel
                0x00002d90       0x2a c:/nxp/mcuxpressoide_11.0.1_2563/ide/plugins/com.nxp.mcuxpresso.tools.win32_11.0.1.201907311258/tools/bin/../lib/gcc/arm-none-eabi/8.2.1/thumb/v6-m/nofp\libcr_eabihelpers.a(memcpy.o)
                0x00002d90                __aeabi_lowlevel_memset
 .text.__sys_close
                0x00002dba        0x6 c:/nxp/mcuxpressoide_11.0.1_2563/ide/plugins/com.nxp.mcuxpresso.tools.win32_11.0.1.201907311258/tools/bin/../lib/gcc/arm-none-eabi/8.2.1/../../../../arm-none-eabi/lib/thumb/v6-m/nofp\libcr_nohost_nf.a(__sys_close.o)
                0x00002dba                __sys_close
 .text.__sys_flen
                0x00002dc0        0x6 c:/nxp/mcuxpressoide_11.0.1_2563/ide/plugins/com.nxp.mcuxpresso.tools.win32_11.0.1.201907311258/tools/bin/../lib/gcc/arm-none-eabi/8.2.1/../../../../arm-none-eabi/lib/thumb/v6-m/nofp\libcr_nohost_nf.a(__sys_flen.o)
                0x00002dc0                __sys_flen
 .text.__sys_istty
                0x00002dc6        0x6 c:/nxp/mcuxpressoide_11.0.1_2563/ide/plugins/com.nxp.mcuxpresso.tools.win32_11.0.1.201907311258/tools/bin/../lib/gcc/arm-none-eabi/8.2.1/../../../../arm-none-eabi/lib/thumb/v6-m/nofp\libcr_nohost_nf.a(__sys_istty.o)
                0x00002dc6                __sys_istty
 .text.__sys_remove
                0x00002dcc        0x6 c:/nxp/mcuxpressoide_11.0.1_2563/ide/plugins/com.nxp.mcuxpresso.tools.win32_11.0.1.201907311258/tools/bin/../lib/gcc/arm-none-eabi/8.2.1/../../../../arm-none-eabi/lib/thumb/v6-m/nofp\libcr_nohost_nf.a(__sys_remove.o)
                0x00002dcc                __sys_remove
 .text.__sys_seek
                0x00002dd2        0x6 c:/nxp/mcuxpressoide_11.0.1_2563/ide/plugins/com.nxp.mcuxpresso.tools.win32_11.0.1.201907311258/tools/bin/../lib/gcc/arm-none-eabi/8.2.1/../../../../arm-none-eabi/lib/thumb/v6-m/nofp\libcr_nohost_nf.a(__sys_seek.o)
                0x00002dd2                __sys_seek
 .text.__sys_tmpnam
                0x00002dd8        0x6 c:/nxp/mcuxpressoide_11.0.1_2563/ide/plugins/com.nxp.mcuxpresso.tools.win32_11.0.1.201907311258/tools/bin/../lib/gcc/arm-none-eabi/8.2.1/../../../../arm-none-eabi/lib/thumb/v6-m/nofp\libcr_nohost_nf.a(__sys_tmpnam.o)
                0x00002dd8                __sys_tmpnam
 .text.__sys_write
                0x00002dde        0x4 c:/nxp/mcuxpressoide_11.0.1_2563/ide/plugins/com.nxp.mcuxpresso.tools.win32_11.0.1.201907311258/tools/bin/../lib/gcc/arm-none-eabi/8.2.1/../../../../arm-none-eabi/lib/thumb/v6-m/nofp\libcr_nohost_nf.a(__sys_write.o)
                0x00002dde                __sys_write
 *(SORT_BY_ALIGNMENT(.rodata) SORT_BY_ALIGNMENT(.rodata.*) SORT_BY_ALIGNMENT(.constdata) SORT_BY_ALIGNMENT(.constdata.*))
 *fill*         0x00002de2        0x2 ff
 .rodata        0x00002de4      0x11d ./drivers/fsl_clock.o
 *fill*         0x00002f01        0x3 ff
 .rodata.fllFactorTable.5230
                0x00002f04       0x10 ./drivers/fsl_clock.o
 .rodata        0x00002f14        0x4 ./drivers/fsl_common.o
 .rodata        0x00002f18       0x62 ./drivers/fsl_gpio.o
 *fill*         0x00002f7a        0x2 ff
 .rodata        0x00002f7c      0x48c ./drivers/fsl_lpsci.o
 .rodata.s_uartBases
                0x00003408        0xc ./drivers/fsl_uart.o
 .rodata.s_uartClock
                0x00003414        0xc ./drivers/fsl_uart.o
 .rodata        0x00003420      0x45b ./drivers/fsl_uart.o
 *fill*         0x0000387b        0x1 ff
 .rodata.mcgConfig_BOARD_BootClockRUN
                0x0000387c        0xa ./board/clock_config.o
                0x0000387c                mcgConfig_BOARD_BootClockRUN
 *fill*         0x00003886        0x2 ff
 .rodata.simConfig_BOARD_BootClockRUN
                0x00003888        0x8 ./board/clock_config.o
                0x00003888                simConfig_BOARD_BootClockRUN
 .rodata.oscConfig_BOARD_BootClockRUN
                0x00003890        0x8 ./board/clock_config.o
                0x00003890                oscConfig_BOARD_BootClockRUN
 .rodata.__num_Ciob_streams
                0x00003898        0x4 c:/nxp/mcuxpressoide_11.0.1_2563/ide/plugins/com.nxp.mcuxpresso.tools.win32_11.0.1.201907311258/tools/bin/../lib/gcc/arm-none-eabi/8.2.1/../../../../arm-none-eabi/lib/thumb/v6-m/nofp\libcr_nohost_nf.a(__ciob.o)
                0x00003898                __num_Ciob_streams
 .rodata._initio.str1.1
                0x0000389c        0x4 c:/nxp/mcuxpressoide_11.0.1_2563/ide/plugins/com.nxp.mcuxpresso.tools.win32_11.0.1.201907311258/tools/bin/../lib/gcc/arm-none-eabi/8.2.1/../../../../arm-none-eabi/lib/thumb/v6-m/nofp\libcr_c.a(initio.o)
                0x000038a0                . = ALIGN (0x4)

.glue_7         0x000038a0        0x0
 .glue_7        0x000038a0        0x0 linker stubs

.glue_7t        0x000038a0        0x0
 .glue_7t       0x000038a0        0x0 linker stubs

.vfp11_veneer   0x000038a0        0x0
 .vfp11_veneer  0x000038a0        0x0 linker stubs

.v4_bx          0x000038a0        0x0
 .v4_bx         0x000038a0        0x0 linker stubs

.iplt           0x000038a0        0x0
 .iplt          0x000038a0        0x0 ./utilities/fsl_debug_console.o

.rel.dyn        0x000038a0        0x0
 .rel.iplt      0x000038a0        0x0 ./utilities/fsl_debug_console.o

.ARM.extab
 *(SORT_BY_ALIGNMENT(.ARM.extab*) SORT_BY_ALIGNMENT(.gnu.linkonce.armextab.*))
                0x000038a0                __exidx_start = .

.ARM.exidx
 *(SORT_BY_ALIGNMENT(.ARM.exidx*) SORT_BY_ALIGNMENT(.gnu.linkonce.armexidx.*))
                0x000038a0                __exidx_end = .
                0x000038a0                _etext = .

.m_usb_data
 *(SORT_BY_ALIGNMENT(m_usb_bdt))

.mtb_buffer_default
                0x1ffff000       0x80
 *(SORT_BY_ALIGNMENT(.mtb*))
 .mtb.$RAM1     0x1ffff000       0x80 ./source/mtb.o
                0x1ffff000                __mtb_buffer__

.uninit_RESERVED
                0x1ffff080        0x0
                0x1ffff080                . = ALIGN (0x4)
 *(SORT_BY_ALIGNMENT(.bss.$RESERVED*))
                0x1ffff080                . = ALIGN (0x4)
                0x1ffff080                _end_uninit_RESERVED = .

.data           0x1ffff080       0x10 load address 0x000038a0
 FILL mask 0xff
                0x1ffff080                _data = .
 *(SORT_BY_ALIGNMENT(vtable))
 *(SORT_BY_ALIGNMENT(.ramfunc*))
 *(SORT_BY_ALIGNMENT(CodeQuickAccess))
 *(SORT_BY_ALIGNMENT(DataQuickAccess))
 *(SORT_BY_ALIGNMENT(RamFunction))
 *(SORT_BY_ALIGNMENT(.data*))
 .data.s_slowIrcFreq
                0x1ffff080        0x4 ./drivers/fsl_clock.o
 .data.cons_val
                0x1ffff084        0x4 ./board/Delay_Function.o
                0x1ffff084                cons_val
 .data.LED_config
                0x1ffff088        0x2 ./board/LED_Blink.o
                0x1ffff088                LED_config
 *fill*         0x1ffff08a        0x2 ff
 .data.SystemCoreClock
                0x1ffff08c        0x4 ./CMSIS/system_MKL25Z4.o
                0x1ffff08c                SystemCoreClock
                0x1ffff090                . = ALIGN (0x4)
                0x1ffff090                _edata = .

.igot.plt       0x1ffff090        0x0 load address 0x000038b0
 .igot.plt      0x1ffff090        0x0 ./utilities/fsl_debug_console.o

.bss            0x1ffff090      0x100 load address 0x000038b0
                0x1ffff090                . = ALIGN (0x4)
                0x1ffff090                _bss = .
 *(SORT_BY_ALIGNMENT(.bss*))
 .bss.s_debugConsole
                0x1ffff090       0x10 ./utilities/fsl_debug_console.o
 .bss.g_xtal0Freq
                0x1ffff0a0        0x4 ./drivers/fsl_clock.o
                0x1ffff0a0                g_xtal0Freq
 .bss.s_lpsciHandle
                0x1ffff0a4        0x4 ./drivers/fsl_lpsci.o
 .bss.s_lpsciIsr
                0x1ffff0a8        0x4 ./drivers/fsl_lpsci.o
 .bss.s_uartHandle
                0x1ffff0ac        0xc ./drivers/fsl_uart.o
 .bss.s_uartIsr
                0x1ffff0b8        0x4 ./drivers/fsl_uart.o
 .bss.j         0x1ffff0bc        0x4 ./board/Delay_Function.o
                0x1ffff0bc                j
 .bss.Timer     0x1ffff0c0        0x4 ./board/Delay_Function.o
                0x1ffff0c0                Timer
 .bss.tx_cb     0x1ffff0c4        0x4 ./board/UART.o
                0x1ffff0c4                tx_cb
 .bss.__end_of_heap
                0x1ffff0c8        0x4 c:/nxp/mcuxpressoide_11.0.1_2563/ide/plugins/com.nxp.mcuxpresso.tools.win32_11.0.1.201907311258/tools/bin/../lib/gcc/arm-none-eabi/8.2.1/../../../../arm-none-eabi/lib/thumb/v6-m/nofp\libcr_c.a(__init_alloc.o)
                0x1ffff0c8                __end_of_heap
 .bss.__heaps   0x1ffff0cc        0x4 c:/nxp/mcuxpressoide_11.0.1_2563/ide/plugins/com.nxp.mcuxpresso.tools.win32_11.0.1.201907311258/tools/bin/../lib/gcc/arm-none-eabi/8.2.1/../../../../arm-none-eabi/lib/thumb/v6-m/nofp\libcr_c.a(__init_alloc.o)
                0x1ffff0cc                __heaps
 .bss.errno     0x1ffff0d0        0x4 c:/nxp/mcuxpressoide_11.0.1_2563/ide/plugins/com.nxp.mcuxpresso.tools.win32_11.0.1.201907311258/tools/bin/../lib/gcc/arm-none-eabi/8.2.1/../../../../arm-none-eabi/lib/thumb/v6-m/nofp\libcr_c.a(errno.o)
                0x1ffff0d0                errno
 .bss.__Ciob    0x1ffff0d4       0xb4 c:/nxp/mcuxpressoide_11.0.1_2563/ide/plugins/com.nxp.mcuxpresso.tools.win32_11.0.1.201907311258/tools/bin/../lib/gcc/arm-none-eabi/8.2.1/../../../../arm-none-eabi/lib/thumb/v6-m/nofp\libcr_nohost_nf.a(__ciob.o)
                0x1ffff0d4                __Ciob
 .bss.RX_Interrupt_Flag
                0x1ffff188        0x1 ./source/UART_PES5.o
                0x1ffff188                RX_Interrupt_Flag
 .bss.TX_Interrupt_Flag
                0x1ffff189        0x1 ./source/UART_PES5.o
                0x1ffff189                TX_Interrupt_Flag
 .bss.ch        0x1ffff18a        0x1 ./board/UART.o
                0x1ffff18a                ch
 .bss.full_flag
                0x1ffff18b        0x1 ./board/UART.o
                0x1ffff18b                full_flag
 .bss.Null_ptr  0x1ffff18c        0x1 ./board/Unit_Testing.o
                0x1ffff18c                Null_ptr
 *(SORT_BY_ALIGNMENT(COMMON))
                0x1ffff190                . = ALIGN (0x4)
 *fill*         0x1ffff18d        0x3 
                0x1ffff190                _ebss = .
                [!provide]                PROVIDE (end = .)

.noinit         0x1ffff190        0x0 load address 0x000038b0
                0x1ffff190                . = ALIGN (0x4)
                0x1ffff190                _noinit = .
 *(SORT_BY_ALIGNMENT(.noinit*))
                0x1ffff190                . = ALIGN (0x4)
                0x1ffff190                _end_noinit = .
                0x00000400                _HeapSize = 0x400

.heap           0x1ffff190      0x400 load address 0x000038b0
                0x1ffff190                _pvHeapStart = .
                0x1ffff590                . = (. + _HeapSize)
 *fill*         0x1ffff190      0x400 
                0x1ffff590                . = ALIGN (0x4)
                0x1ffff590                _pvHeapLimit = .
                0x00000400                _StackSize = 0x400

.heap2stackfill
                0x1ffff590      0x400 load address 0x000038b0
                0x1ffff990                . = (. + _StackSize)
 *fill*         0x1ffff590      0x400 

.stack          0x20002c00        0x0
                0x20002c00                _vStackBase = .
                0x20002c00                . = ALIGN (0x4)
                0x20003000                _vStackTop = (. + _StackSize)
                0x00000000                _image_start = LOADADDR (.text)
                0x000038b0                _image_end = (LOADADDR (.data) + SIZEOF (.data))
                0x000038b0                _image_size = (_image_end - _image_start)
OUTPUT(UART_PES5.axf elf32-littlearm)

.debug_info     0x00000000     0xba89
 .debug_info    0x00000000      0xe72 ./utilities/fsl_debug_console.o
 .debug_info    0x00000e72      0x4df ./startup/startup_mkl25z4.o
 .debug_info    0x00001351      0x8c5 ./source/UART_PES5.o
 .debug_info    0x00001c16       0x53 ./source/mtb.o
 .debug_info    0x00001c69       0x3c ./source/semihost_hardfault.o
 .debug_info    0x00001ca5     0x1a97 ./drivers/fsl_clock.o
 .debug_info    0x0000373c      0x44e ./drivers/fsl_common.o
 .debug_info    0x00003b8a      0x566 ./drivers/fsl_gpio.o
 .debug_info    0x000040f0     0x1469 ./drivers/fsl_lpsci.o
 .debug_info    0x00005559     0x140a ./drivers/fsl_uart.o
 .debug_info    0x00006963      0x7b7 ./board/CIRCULAR_BUFFER.o
 .debug_info    0x0000711a      0xc5d ./board/Delay_Function.o
 .debug_info    0x00007d77      0x857 ./board/LED_Blink.o
 .debug_info    0x000085ce      0xf13 ./board/UART.o
 .debug_info    0x000094e1      0x998 ./board/Unit_Testing.o
 .debug_info    0x00009e79      0x6fa ./board/board.o
 .debug_info    0x0000a573      0xafe ./board/clock_config.o
 .debug_info    0x0000b071       0x3c ./board/peripherals.o
 .debug_info    0x0000b0ad      0x5a3 ./board/pin_mux.o
 .debug_info    0x0000b650      0x439 ./CMSIS/system_MKL25Z4.o

.debug_abbrev   0x00000000     0x2617
 .debug_abbrev  0x00000000      0x2d7 ./utilities/fsl_debug_console.o
 .debug_abbrev  0x000002d7      0x18d ./startup/startup_mkl25z4.o
 .debug_abbrev  0x00000464      0x19b ./source/UART_PES5.o
 .debug_abbrev  0x000005ff       0x46 ./source/mtb.o
 .debug_abbrev  0x00000645       0x31 ./source/semihost_hardfault.o
 .debug_abbrev  0x00000676      0x36f ./drivers/fsl_clock.o
 .debug_abbrev  0x000009e5      0x27e ./drivers/fsl_common.o
 .debug_abbrev  0x00000c63      0x1b8 ./drivers/fsl_gpio.o
 .debug_abbrev  0x00000e1b      0x309 ./drivers/fsl_lpsci.o
 .debug_abbrev  0x00001124      0x323 ./drivers/fsl_uart.o
 .debug_abbrev  0x00001447      0x1d9 ./board/CIRCULAR_BUFFER.o
 .debug_abbrev  0x00001620      0x2e0 ./board/Delay_Function.o
 .debug_abbrev  0x00001900      0x1ab ./board/LED_Blink.o
 .debug_abbrev  0x00001aab      0x2ef ./board/UART.o
 .debug_abbrev  0x00001d9a      0x1a5 ./board/Unit_Testing.o
 .debug_abbrev  0x00001f3f      0x185 ./board/board.o
 .debug_abbrev  0x000020c4      0x211 ./board/clock_config.o
 .debug_abbrev  0x000022d5       0x31 ./board/peripherals.o
 .debug_abbrev  0x00002306      0x1bb ./board/pin_mux.o
 .debug_abbrev  0x000024c1      0x156 ./CMSIS/system_MKL25Z4.o

.debug_aranges  0x00000000      0x9a8
 .debug_aranges
                0x00000000       0x90 ./utilities/fsl_debug_console.o
 .debug_aranges
                0x00000090      0x160 ./startup/startup_mkl25z4.o
 .debug_aranges
                0x000001f0       0x20 ./source/UART_PES5.o
 .debug_aranges
                0x00000210       0x18 ./source/mtb.o
 .debug_aranges
                0x00000228       0x20 ./source/semihost_hardfault.o
 .debug_aranges
                0x00000248      0x1d8 ./drivers/fsl_clock.o
 .debug_aranges
                0x00000420       0x38 ./drivers/fsl_common.o
 .debug_aranges
                0x00000458       0x40 ./drivers/fsl_gpio.o
 .debug_aranges
                0x00000498      0x118 ./drivers/fsl_lpsci.o
 .debug_aranges
                0x000005b0      0x130 ./drivers/fsl_uart.o
 .debug_aranges
                0x000006e0       0x50 ./board/CIRCULAR_BUFFER.o
 .debug_aranges
                0x00000730       0x58 ./board/Delay_Function.o
 .debug_aranges
                0x00000788       0x70 ./board/LED_Blink.o
 .debug_aranges
                0x000007f8       0x68 ./board/UART.o
 .debug_aranges
                0x00000860       0x48 ./board/Unit_Testing.o
 .debug_aranges
                0x000008a8       0x28 ./board/board.o
 .debug_aranges
                0x000008d0       0x58 ./board/clock_config.o
 .debug_aranges
                0x00000928       0x20 ./board/peripherals.o
 .debug_aranges
                0x00000948       0x38 ./board/pin_mux.o
 .debug_aranges
                0x00000980       0x28 ./CMSIS/system_MKL25Z4.o

.debug_ranges   0x00000000      0x860
 .debug_ranges  0x00000000       0x80 ./utilities/fsl_debug_console.o
 .debug_ranges  0x00000080      0x150 ./startup/startup_mkl25z4.o
 .debug_ranges  0x000001d0       0x10 ./source/UART_PES5.o
 .debug_ranges  0x000001e0       0x10 ./source/semihost_hardfault.o
 .debug_ranges  0x000001f0      0x1c8 ./drivers/fsl_clock.o
 .debug_ranges  0x000003b8       0x28 ./drivers/fsl_common.o
 .debug_ranges  0x000003e0       0x30 ./drivers/fsl_gpio.o
 .debug_ranges  0x00000410      0x108 ./drivers/fsl_lpsci.o
 .debug_ranges  0x00000518      0x120 ./drivers/fsl_uart.o
 .debug_ranges  0x00000638       0x40 ./board/CIRCULAR_BUFFER.o
 .debug_ranges  0x00000678       0x48 ./board/Delay_Function.o
 .debug_ranges  0x000006c0       0x60 ./board/LED_Blink.o
 .debug_ranges  0x00000720       0x58 ./board/UART.o
 .debug_ranges  0x00000778       0x38 ./board/Unit_Testing.o
 .debug_ranges  0x000007b0       0x18 ./board/board.o
 .debug_ranges  0x000007c8       0x48 ./board/clock_config.o
 .debug_ranges  0x00000810       0x10 ./board/peripherals.o
 .debug_ranges  0x00000820       0x28 ./board/pin_mux.o
 .debug_ranges  0x00000848       0x18 ./CMSIS/system_MKL25Z4.o

.debug_macro    0x00000000     0xe9a9
 .debug_macro   0x00000000      0x127 ./utilities/fsl_debug_console.o
 .debug_macro   0x00000127      0xaa8 ./utilities/fsl_debug_console.o
 .debug_macro   0x00000bcf       0x10 ./utilities/fsl_debug_console.o
 .debug_macro   0x00000bdf       0x16 ./utilities/fsl_debug_console.o
 .debug_macro   0x00000bf5       0x10 ./utilities/fsl_debug_console.o
 .debug_macro   0x00000c05      0x12e ./utilities/fsl_debug_console.o
 .debug_macro   0x00000d33       0x28 ./utilities/fsl_debug_console.o
 .debug_macro   0x00000d5b       0xc4 ./utilities/fsl_debug_console.o
 .debug_macro   0x00000e1f       0x16 ./utilities/fsl_debug_console.o
 .debug_macro   0x00000e35       0x22 ./utilities/fsl_debug_console.o
 .debug_macro   0x00000e57      0x5b3 ./utilities/fsl_debug_console.o
 .debug_macro   0x0000140a       0x10 ./utilities/fsl_debug_console.o
 .debug_macro   0x0000141a       0x3f ./utilities/fsl_debug_console.o
 .debug_macro   0x00001459       0x3a ./utilities/fsl_debug_console.o
 .debug_macro   0x00001493       0x26 ./utilities/fsl_debug_console.o
 .debug_macro   0x000014b9      0x329 ./utilities/fsl_debug_console.o
 .debug_macro   0x000017e2       0x30 ./utilities/fsl_debug_console.o
 .debug_macro   0x00001812     0x51e2 ./utilities/fsl_debug_console.o
 .debug_macro   0x000069f4     0x1352 ./utilities/fsl_debug_console.o
 .debug_macro   0x00007d46       0x3a ./utilities/fsl_debug_console.o
 .debug_macro   0x00007d80       0xf4 ./utilities/fsl_debug_console.o
 .debug_macro   0x00007e74       0x35 ./utilities/fsl_debug_console.o
 .debug_macro   0x00007ea9       0x2e ./utilities/fsl_debug_console.o
 .debug_macro   0x00007ed7       0x10 ./utilities/fsl_debug_console.o
 .debug_macro   0x00007ee7       0x10 ./utilities/fsl_debug_console.o
 .debug_macro   0x00007ef7       0x29 ./startup/startup_mkl25z4.o
 .debug_macro   0x00007f20      0x1b6 ./source/UART_PES5.o
 .debug_macro   0x000080d6      0x111 ./source/UART_PES5.o
 .debug_macro   0x000081e7       0x3f ./source/UART_PES5.o
 .debug_macro   0x00008226     0x51e2 ./source/UART_PES5.o
 .debug_macro   0x0000d408       0xd2 ./source/UART_PES5.o
 .debug_macro   0x0000d4da       0x22 ./source/UART_PES5.o
 .debug_macro   0x0000d4fc       0x16 ./source/UART_PES5.o
 .debug_macro   0x0000d512       0x10 ./source/UART_PES5.o
 .debug_macro   0x0000d522      0x112 ./source/UART_PES5.o
 .debug_macro   0x0000d634       0x64 ./source/UART_PES5.o
 .debug_macro   0x0000d698       0x34 ./source/UART_PES5.o
 .debug_macro   0x0000d6cc       0x16 ./source/UART_PES5.o
 .debug_macro   0x0000d6e2       0x16 ./source/UART_PES5.o
 .debug_macro   0x0000d6f8       0x34 ./source/UART_PES5.o
 .debug_macro   0x0000d72c       0x2f ./source/mtb.o
 .debug_macro   0x0000d75b       0x82 ./source/mtb.o
 .debug_macro   0x0000d7dd       0x10 ./source/mtb.o
 .debug_macro   0x0000d7ed       0x11 ./source/semihost_hardfault.o
 .debug_macro   0x0000d7fe      0x196 ./drivers/fsl_clock.o
 .debug_macro   0x0000d994       0x1c ./drivers/fsl_clock.o
 .debug_macro   0x0000d9b0       0xef ./drivers/fsl_common.o
 .debug_macro   0x0000da9f       0xec ./drivers/fsl_gpio.o
 .debug_macro   0x0000db8b       0xec ./drivers/fsl_lpsci.o
 .debug_macro   0x0000dc77       0xf2 ./drivers/fsl_uart.o
 .debug_macro   0x0000dd69      0x170 ./board/CIRCULAR_BUFFER.o
 .debug_macro   0x0000ded9       0xd8 ./board/CIRCULAR_BUFFER.o
 .debug_macro   0x0000dfb1      0x189 ./board/Delay_Function.o
 .debug_macro   0x0000e13a      0x13a ./board/LED_Blink.o
 .debug_macro   0x0000e274      0x188 ./board/UART.o
 .debug_macro   0x0000e3fc       0x34 ./board/UART.o
 .debug_macro   0x0000e430      0x197 ./board/Unit_Testing.o
 .debug_macro   0x0000e5c7      0x112 ./board/board.o
 .debug_macro   0x0000e6d9      0x123 ./board/clock_config.o
 .debug_macro   0x0000e7fc       0x1b ./board/peripherals.o
 .debug_macro   0x0000e817       0xee ./board/pin_mux.o
 .debug_macro   0x0000e905       0x10 ./board/pin_mux.o
 .debug_macro   0x0000e915       0x94 ./CMSIS/system_MKL25Z4.o

.debug_line     0x00000000     0x6d91
 .debug_line    0x00000000      0xc18 ./utilities/fsl_debug_console.o
 .debug_line    0x00000c18      0x1e7 ./startup/startup_mkl25z4.o
 .debug_line    0x00000dff      0x3b5 ./source/UART_PES5.o
 .debug_line    0x000011b4       0xd1 ./source/mtb.o
 .debug_line    0x00001285       0x5a ./source/semihost_hardfault.o
 .debug_line    0x000012df     0x12b1 ./drivers/fsl_clock.o
 .debug_line    0x00002590      0x350 ./drivers/fsl_common.o
 .debug_line    0x000028e0      0x34b ./drivers/fsl_gpio.o
 .debug_line    0x00002c2b      0xd32 ./drivers/fsl_lpsci.o
 .debug_line    0x0000395d      0xd21 ./drivers/fsl_uart.o
 .debug_line    0x0000467e      0x551 ./board/CIRCULAR_BUFFER.o
 .debug_line    0x00004bcf      0x50c ./board/Delay_Function.o
 .debug_line    0x000050db      0x3ee ./board/LED_Blink.o
 .debug_line    0x000054c9      0x5bf ./board/UART.o
 .debug_line    0x00005a88      0x617 ./board/Unit_Testing.o
 .debug_line    0x0000609f      0x2e3 ./board/board.o
 .debug_line    0x00006382      0x373 ./board/clock_config.o
 .debug_line    0x000066f5       0x5c ./board/peripherals.o
 .debug_line    0x00006751      0x301 ./board/pin_mux.o
 .debug_line    0x00006a52      0x33f ./CMSIS/system_MKL25Z4.o

.debug_str      0x00000000    0x37993
 .debug_str     0x00000000    0x314c9 ./utilities/fsl_debug_console.o
                              0x3176d (size before relaxing)
 .debug_str     0x000314c9      0x3e1 ./startup/startup_mkl25z4.o
                               0x31c0 (size before relaxing)
 .debug_str     0x000318aa     0x261a ./source/UART_PES5.o
                              0x330eb (size before relaxing)
 .debug_str     0x00033ec4      0x532 ./source/mtb.o
                               0x32cc (size before relaxing)
 .debug_str     0x000343f6       0x1f ./source/semihost_hardfault.o
                               0x2db9 (size before relaxing)
 .debug_str     0x00034415     0x15b1 ./drivers/fsl_clock.o
                              0x322c7 (size before relaxing)
 .debug_str     0x000359c6      0x2d6 ./drivers/fsl_common.o
                              0x308ae (size before relaxing)
 .debug_str     0x00035c9c      0x180 ./drivers/fsl_gpio.o
                              0x30b2c (size before relaxing)
 .debug_str     0x00035e1c      0x9c5 ./drivers/fsl_lpsci.o
                              0x318cf (size before relaxing)
 .debug_str     0x000367e1      0x832 ./drivers/fsl_uart.o
                              0x318f2 (size before relaxing)
 .debug_str     0x00037013      0x14d ./board/CIRCULAR_BUFFER.o
                              0x31b66 (size before relaxing)
 .debug_str     0x00037160      0x100 ./board/Delay_Function.o
                              0x3228b (size before relaxing)
 .debug_str     0x00037260       0xbd ./board/LED_Blink.o
                              0x31e52 (size before relaxing)
 .debug_str     0x0003731d       0x97 ./board/UART.o
                              0x3235a (size before relaxing)
 .debug_str     0x000373b4       0x88 ./board/Unit_Testing.o
                              0x33168 (size before relaxing)
 .debug_str     0x0003743c       0x4c ./board/board.o
                              0x3140c (size before relaxing)
 .debug_str     0x00037488      0x300 ./board/clock_config.o
                              0x311f5 (size before relaxing)
 .debug_str     0x00037788       0x31 ./board/peripherals.o
                               0x2dca (size before relaxing)
 .debug_str     0x000377b9      0x18b ./board/pin_mux.o
                              0x30b09 (size before relaxing)
 .debug_str     0x00037944       0x4f ./CMSIS/system_MKL25Z4.o
                              0x2fc31 (size before relaxing)

.comment        0x00000000       0x75
 .comment       0x00000000       0x75 ./utilities/fsl_debug_console.o
                                 0x76 (size before relaxing)
 .comment       0x00000075       0x76 ./startup/startup_mkl25z4.o
 .comment       0x00000075       0x76 ./source/UART_PES5.o
 .comment       0x00000075       0x76 ./source/mtb.o
 .comment       0x00000075       0x76 ./source/semihost_hardfault.o
 .comment       0x00000075       0x76 ./drivers/fsl_clock.o
 .comment       0x00000075       0x76 ./drivers/fsl_common.o
 .comment       0x00000075       0x76 ./drivers/fsl_gpio.o
 .comment       0x00000075       0x76 ./drivers/fsl_lpsci.o
 .comment       0x00000075       0x76 ./drivers/fsl_uart.o
 .comment       0x00000075       0x76 ./board/CIRCULAR_BUFFER.o
 .comment       0x00000075       0x76 ./board/Delay_Function.o
 .comment       0x00000075       0x76 ./board/LED_Blink.o
 .comment       0x00000075       0x76 ./board/UART.o
 .comment       0x00000075       0x76 ./board/Unit_Testing.o
 .comment       0x00000075       0x76 ./board/board.o
 .comment       0x00000075       0x76 ./board/clock_config.o
 .comment       0x00000075       0x76 ./board/peripherals.o
 .comment       0x00000075       0x76 ./board/pin_mux.o
 .comment       0x00000075       0x76 ./CMSIS/system_MKL25Z4.o
 .comment       0x00000075       0x76 c:/nxp/mcuxpressoide_11.0.1_2563/ide/plugins/com.nxp.mcuxpresso.tools.win32_11.0.1.201907311258/tools/bin/../lib/gcc/arm-none-eabi/8.2.1/../../../../arm-none-eabi/lib/thumb/v6-m/nofp\libcr_nohost_nf.a(_cr__main.o)
 .comment       0x00000075       0x76 c:/nxp/mcuxpressoide_11.0.1_2563/ide/plugins/com.nxp.mcuxpresso.tools.win32_11.0.1.201907311258/tools/bin/../lib/gcc/arm-none-eabi/8.2.1/../../../../arm-none-eabi/lib/thumb/v6-m/nofp\libcr_c.a(memset.o)
 .comment       0x00000075       0x76 c:/nxp/mcuxpressoide_11.0.1_2563/ide/plugins/com.nxp.mcuxpresso.tools.win32_11.0.1.201907311258/tools/bin/../lib/gcc/arm-none-eabi/8.2.1/../../../../arm-none-eabi/lib/thumb/v6-m/nofp\libcr_c.a(alloc.o)
 .comment       0x00000075       0x76 c:/nxp/mcuxpressoide_11.0.1_2563/ide/plugins/com.nxp.mcuxpresso.tools.win32_11.0.1.201907311258/tools/bin/../lib/gcc/arm-none-eabi/8.2.1/../../../../arm-none-eabi/lib/thumb/v6-m/nofp\libcr_c.a(initio.o)
 .comment       0x00000075       0x76 c:/nxp/mcuxpressoide_11.0.1_2563/ide/plugins/com.nxp.mcuxpresso.tools.win32_11.0.1.201907311258/tools/bin/../lib/gcc/arm-none-eabi/8.2.1/../../../../arm-none-eabi/lib/thumb/v6-m/nofp\libcr_c.a(setvbuf.o)
 .comment       0x00000075       0x76 c:/nxp/mcuxpressoide_11.0.1_2563/ide/plugins/com.nxp.mcuxpresso.tools.win32_11.0.1.201907311258/tools/bin/../lib/gcc/arm-none-eabi/8.2.1/../../../../arm-none-eabi/lib/thumb/v6-m/nofp\libcr_c.a(strlen.o)
 .comment       0x00000075       0x76 c:/nxp/mcuxpressoide_11.0.1_2563/ide/plugins/com.nxp.mcuxpresso.tools.win32_11.0.1.201907311258/tools/bin/../lib/gcc/arm-none-eabi/8.2.1/../../../../arm-none-eabi/lib/thumb/v6-m/nofp\libcr_c.a(__init_alloc.o)
 .comment       0x00000075       0x76 c:/nxp/mcuxpressoide_11.0.1_2563/ide/plugins/com.nxp.mcuxpresso.tools.win32_11.0.1.201907311258/tools/bin/../lib/gcc/arm-none-eabi/8.2.1/../../../../arm-none-eabi/lib/thumb/v6-m/nofp\libcr_c.a(_cr_sbrk.o)
 .comment       0x00000075       0x76 c:/nxp/mcuxpressoide_11.0.1_2563/ide/plugins/com.nxp.mcuxpresso.tools.win32_11.0.1.201907311258/tools/bin/../lib/gcc/arm-none-eabi/8.2.1/../../../../arm-none-eabi/lib/thumb/v6-m/nofp\libcr_c.a(_deferredlazyseek.o)
 .comment       0x00000075       0x76 c:/nxp/mcuxpressoide_11.0.1_2563/ide/plugins/com.nxp.mcuxpresso.tools.win32_11.0.1.201907311258/tools/bin/../lib/gcc/arm-none-eabi/8.2.1/../../../../arm-none-eabi/lib/thumb/v6-m/nofp\libcr_c.a(_fdopen.o)
 .comment       0x00000075       0x76 c:/nxp/mcuxpressoide_11.0.1_2563/ide/plugins/com.nxp.mcuxpresso.tools.win32_11.0.1.201907311258/tools/bin/../lib/gcc/arm-none-eabi/8.2.1/../../../../arm-none-eabi/lib/thumb/v6-m/nofp\libcr_c.a(_fflush.o)
 .comment       0x00000075       0x76 c:/nxp/mcuxpressoide_11.0.1_2563/ide/plugins/com.nxp.mcuxpresso.tools.win32_11.0.1.201907311258/tools/bin/../lib/gcc/arm-none-eabi/8.2.1/../../../../arm-none-eabi/lib/thumb/v6-m/nofp\libcr_c.a(_writebuf.o)
 .comment       0x00000075       0x76 c:/nxp/mcuxpressoide_11.0.1_2563/ide/plugins/com.nxp.mcuxpresso.tools.win32_11.0.1.201907311258/tools/bin/../lib/gcc/arm-none-eabi/8.2.1/../../../../arm-none-eabi/lib/thumb/v6-m/nofp\libcr_c.a(errno.o)
 .comment       0x00000075       0x76 c:/nxp/mcuxpressoide_11.0.1_2563/ide/plugins/com.nxp.mcuxpresso.tools.win32_11.0.1.201907311258/tools/bin/../lib/gcc/arm-none-eabi/8.2.1/../../../../arm-none-eabi/lib/thumb/v6-m/nofp\libcr_c.a(fclose.o)
 .comment       0x00000075       0x76 c:/nxp/mcuxpressoide_11.0.1_2563/ide/plugins/com.nxp.mcuxpresso.tools.win32_11.0.1.201907311258/tools/bin/../lib/gcc/arm-none-eabi/8.2.1/../../../../arm-none-eabi/lib/thumb/v6-m/nofp\libcr_c.a(fflush.o)
 .comment       0x00000075       0x76 c:/nxp/mcuxpressoide_11.0.1_2563/ide/plugins/com.nxp.mcuxpresso.tools.win32_11.0.1.201907311258/tools/bin/../lib/gcc/arm-none-eabi/8.2.1/../../../../arm-none-eabi/lib/thumb/v6-m/nofp\libcr_c.a(fseek.o)
 .comment       0x00000075       0x76 c:/nxp/mcuxpressoide_11.0.1_2563/ide/plugins/com.nxp.mcuxpresso.tools.win32_11.0.1.201907311258/tools/bin/../lib/gcc/arm-none-eabi/8.2.1/../../../../arm-none-eabi/lib/thumb/v6-m/nofp\libcr_c.a(ftell.o)
 .comment       0x00000075       0x76 c:/nxp/mcuxpressoide_11.0.1_2563/ide/plugins/com.nxp.mcuxpresso.tools.win32_11.0.1.201907311258/tools/bin/../lib/gcc/arm-none-eabi/8.2.1/../../../../arm-none-eabi/lib/thumb/v6-m/nofp\libcr_c.a(remove.o)
 .comment       0x00000075       0x76 c:/nxp/mcuxpressoide_11.0.1_2563/ide/plugins/com.nxp.mcuxpresso.tools.win32_11.0.1.201907311258/tools/bin/../lib/gcc/arm-none-eabi/8.2.1/../../../../arm-none-eabi/lib/thumb/v6-m/nofp\libcr_c.a(_cr_check_heap.o)
 .comment       0x00000075       0x76 c:/nxp/mcuxpressoide_11.0.1_2563/ide/plugins/com.nxp.mcuxpresso.tools.win32_11.0.1.201907311258/tools/bin/../lib/gcc/arm-none-eabi/8.2.1/../../../../arm-none-eabi/lib/thumb/v6-m/nofp\libcr_c.a(_do_fflush.o)
 .comment       0x00000075       0x76 c:/nxp/mcuxpressoide_11.0.1_2563/ide/plugins/com.nxp.mcuxpresso.tools.win32_11.0.1.201907311258/tools/bin/../lib/gcc/arm-none-eabi/8.2.1/thumb/v6-m/nofp\libcr_eabihelpers.a(double.o)
 .comment       0x00000075       0x76 c:/nxp/mcuxpressoide_11.0.1_2563/ide/plugins/com.nxp.mcuxpresso.tools.win32_11.0.1.201907311258/tools/bin/../lib/gcc/arm-none-eabi/8.2.1/../../../../arm-none-eabi/lib/thumb/v6-m/nofp\libcr_nohost_nf.a(__ciob.o)
 .comment       0x00000075       0x76 c:/nxp/mcuxpressoide_11.0.1_2563/ide/plugins/com.nxp.mcuxpresso.tools.win32_11.0.1.201907311258/tools/bin/../lib/gcc/arm-none-eabi/8.2.1/../../../../arm-none-eabi/lib/thumb/v6-m/nofp\libcr_nohost_nf.a(__sys_close.o)
 .comment       0x00000075       0x76 c:/nxp/mcuxpressoide_11.0.1_2563/ide/plugins/com.nxp.mcuxpresso.tools.win32_11.0.1.201907311258/tools/bin/../lib/gcc/arm-none-eabi/8.2.1/../../../../arm-none-eabi/lib/thumb/v6-m/nofp\libcr_nohost_nf.a(__sys_flen.o)
 .comment       0x00000075       0x76 c:/nxp/mcuxpressoide_11.0.1_2563/ide/plugins/com.nxp.mcuxpresso.tools.win32_11.0.1.201907311258/tools/bin/../lib/gcc/arm-none-eabi/8.2.1/../../../../arm-none-eabi/lib/thumb/v6-m/nofp\libcr_nohost_nf.a(__sys_istty.o)
 .comment       0x00000075       0x76 c:/nxp/mcuxpressoide_11.0.1_2563/ide/plugins/com.nxp.mcuxpresso.tools.win32_11.0.1.201907311258/tools/bin/../lib/gcc/arm-none-eabi/8.2.1/../../../../arm-none-eabi/lib/thumb/v6-m/nofp\libcr_nohost_nf.a(__sys_remove.o)
 .comment       0x00000075       0x76 c:/nxp/mcuxpressoide_11.0.1_2563/ide/plugins/com.nxp.mcuxpresso.tools.win32_11.0.1.201907311258/tools/bin/../lib/gcc/arm-none-eabi/8.2.1/../../../../arm-none-eabi/lib/thumb/v6-m/nofp\libcr_nohost_nf.a(__sys_seek.o)
 .comment       0x00000075       0x76 c:/nxp/mcuxpressoide_11.0.1_2563/ide/plugins/com.nxp.mcuxpresso.tools.win32_11.0.1.201907311258/tools/bin/../lib/gcc/arm-none-eabi/8.2.1/../../../../arm-none-eabi/lib/thumb/v6-m/nofp\libcr_nohost_nf.a(__sys_tmpnam.o)
 .comment       0x00000075       0x76 c:/nxp/mcuxpressoide_11.0.1_2563/ide/plugins/com.nxp.mcuxpresso.tools.win32_11.0.1.201907311258/tools/bin/../lib/gcc/arm-none-eabi/8.2.1/../../../../arm-none-eabi/lib/thumb/v6-m/nofp\libcr_nohost_nf.a(__sys_write.o)

.ARM.attributes
                0x00000000       0x2a
 .ARM.attributes
                0x00000000       0x2c ./utilities/fsl_debug_console.o
 .ARM.attributes
                0x0000002c       0x2c ./startup/startup_mkl25z4.o
 .ARM.attributes
                0x00000058       0x2c ./source/UART_PES5.o
 .ARM.attributes
                0x00000084       0x32 ./source/mtb.o
 .ARM.attributes
                0x000000b6       0x2c ./source/semihost_hardfault.o
 .ARM.attributes
                0x000000e2       0x2c ./drivers/fsl_clock.o
 .ARM.attributes
                0x0000010e       0x2c ./drivers/fsl_common.o
 .ARM.attributes
                0x0000013a       0x2c ./drivers/fsl_gpio.o
 .ARM.attributes
                0x00000166       0x2c ./drivers/fsl_lpsci.o
 .ARM.attributes
                0x00000192       0x2c ./drivers/fsl_uart.o
 .ARM.attributes
                0x000001be       0x2c ./board/CIRCULAR_BUFFER.o
 .ARM.attributes
                0x000001ea       0x2c ./board/Delay_Function.o
 .ARM.attributes
                0x00000216       0x2c ./board/LED_Blink.o
 .ARM.attributes
                0x00000242       0x2c ./board/UART.o
 .ARM.attributes
                0x0000026e       0x2c ./board/Unit_Testing.o
 .ARM.attributes
                0x0000029a       0x2c ./board/board.o
 .ARM.attributes
                0x000002c6       0x2c ./board/clock_config.o
 .ARM.attributes
                0x000002f2       0x2c ./board/peripherals.o
 .ARM.attributes
                0x0000031e       0x2c ./board/pin_mux.o
 .ARM.attributes
                0x0000034a       0x2c ./CMSIS/system_MKL25Z4.o
 .ARM.attributes
                0x00000376       0x2c c:/nxp/mcuxpressoide_11.0.1_2563/ide/plugins/com.nxp.mcuxpresso.tools.win32_11.0.1.201907311258/tools/bin/../lib/gcc/arm-none-eabi/8.2.1/../../../../arm-none-eabi/lib/thumb/v6-m/nofp\libcr_nohost_nf.a(_cr__main.o)
 .ARM.attributes
                0x000003a2       0x2c c:/nxp/mcuxpressoide_11.0.1_2563/ide/plugins/com.nxp.mcuxpresso.tools.win32_11.0.1.201907311258/tools/bin/../lib/gcc/arm-none-eabi/8.2.1/../../../../arm-none-eabi/lib/thumb/v6-m/nofp\libcr_c.a(memset.o)
 .ARM.attributes
                0x000003ce       0x2c c:/nxp/mcuxpressoide_11.0.1_2563/ide/plugins/com.nxp.mcuxpresso.tools.win32_11.0.1.201907311258/tools/bin/../lib/gcc/arm-none-eabi/8.2.1/../../../../arm-none-eabi/lib/thumb/v6-m/nofp\libcr_c.a(alloc.o)
 .ARM.attributes
                0x000003fa       0x2c c:/nxp/mcuxpressoide_11.0.1_2563/ide/plugins/com.nxp.mcuxpresso.tools.win32_11.0.1.201907311258/tools/bin/../lib/gcc/arm-none-eabi/8.2.1/../../../../arm-none-eabi/lib/thumb/v6-m/nofp\libcr_c.a(initio.o)
 .ARM.attributes
                0x00000426       0x2c c:/nxp/mcuxpressoide_11.0.1_2563/ide/plugins/com.nxp.mcuxpresso.tools.win32_11.0.1.201907311258/tools/bin/../lib/gcc/arm-none-eabi/8.2.1/../../../../arm-none-eabi/lib/thumb/v6-m/nofp\libcr_c.a(setvbuf.o)
 .ARM.attributes
                0x00000452       0x2c c:/nxp/mcuxpressoide_11.0.1_2563/ide/plugins/com.nxp.mcuxpresso.tools.win32_11.0.1.201907311258/tools/bin/../lib/gcc/arm-none-eabi/8.2.1/../../../../arm-none-eabi/lib/thumb/v6-m/nofp\libcr_c.a(strlen.o)
 .ARM.attributes
                0x0000047e       0x2c c:/nxp/mcuxpressoide_11.0.1_2563/ide/plugins/com.nxp.mcuxpresso.tools.win32_11.0.1.201907311258/tools/bin/../lib/gcc/arm-none-eabi/8.2.1/../../../../arm-none-eabi/lib/thumb/v6-m/nofp\libcr_c.a(__init_alloc.o)
 .ARM.attributes
                0x000004aa       0x2c c:/nxp/mcuxpressoide_11.0.1_2563/ide/plugins/com.nxp.mcuxpresso.tools.win32_11.0.1.201907311258/tools/bin/../lib/gcc/arm-none-eabi/8.2.1/../../../../arm-none-eabi/lib/thumb/v6-m/nofp\libcr_c.a(_cr_sbrk.o)
 .ARM.attributes
                0x000004d6       0x2c c:/nxp/mcuxpressoide_11.0.1_2563/ide/plugins/com.nxp.mcuxpresso.tools.win32_11.0.1.201907311258/tools/bin/../lib/gcc/arm-none-eabi/8.2.1/../../../../arm-none-eabi/lib/thumb/v6-m/nofp\libcr_c.a(_deferredlazyseek.o)
 .ARM.attributes
                0x00000502       0x2c c:/nxp/mcuxpressoide_11.0.1_2563/ide/plugins/com.nxp.mcuxpresso.tools.win32_11.0.1.201907311258/tools/bin/../lib/gcc/arm-none-eabi/8.2.1/../../../../arm-none-eabi/lib/thumb/v6-m/nofp\libcr_c.a(_fdopen.o)
 .ARM.attributes
                0x0000052e       0x2c c:/nxp/mcuxpressoide_11.0.1_2563/ide/plugins/com.nxp.mcuxpresso.tools.win32_11.0.1.201907311258/tools/bin/../lib/gcc/arm-none-eabi/8.2.1/../../../../arm-none-eabi/lib/thumb/v6-m/nofp\libcr_c.a(_fflush.o)
 .ARM.attributes
                0x0000055a       0x2c c:/nxp/mcuxpressoide_11.0.1_2563/ide/plugins/com.nxp.mcuxpresso.tools.win32_11.0.1.201907311258/tools/bin/../lib/gcc/arm-none-eabi/8.2.1/../../../../arm-none-eabi/lib/thumb/v6-m/nofp\libcr_c.a(_writebuf.o)
 .ARM.attributes
                0x00000586       0x31 c:/nxp/mcuxpressoide_11.0.1_2563/ide/plugins/com.nxp.mcuxpresso.tools.win32_11.0.1.201907311258/tools/bin/../lib/gcc/arm-none-eabi/8.2.1/../../../../arm-none-eabi/lib/thumb/v6-m/nofp\libcr_c.a(errno.o)
 .ARM.attributes
                0x000005b7       0x2c c:/nxp/mcuxpressoide_11.0.1_2563/ide/plugins/com.nxp.mcuxpresso.tools.win32_11.0.1.201907311258/tools/bin/../lib/gcc/arm-none-eabi/8.2.1/../../../../arm-none-eabi/lib/thumb/v6-m/nofp\libcr_c.a(fclose.o)
 .ARM.attributes
                0x000005e3       0x2c c:/nxp/mcuxpressoide_11.0.1_2563/ide/plugins/com.nxp.mcuxpresso.tools.win32_11.0.1.201907311258/tools/bin/../lib/gcc/arm-none-eabi/8.2.1/../../../../arm-none-eabi/lib/thumb/v6-m/nofp\libcr_c.a(fflush.o)
 .ARM.attributes
                0x0000060f       0x2c c:/nxp/mcuxpressoide_11.0.1_2563/ide/plugins/com.nxp.mcuxpresso.tools.win32_11.0.1.201907311258/tools/bin/../lib/gcc/arm-none-eabi/8.2.1/../../../../arm-none-eabi/lib/thumb/v6-m/nofp\libcr_c.a(fseek.o)
 .ARM.attributes
                0x0000063b       0x2c c:/nxp/mcuxpressoide_11.0.1_2563/ide/plugins/com.nxp.mcuxpresso.tools.win32_11.0.1.201907311258/tools/bin/../lib/gcc/arm-none-eabi/8.2.1/../../../../arm-none-eabi/lib/thumb/v6-m/nofp\libcr_c.a(ftell.o)
 .ARM.attributes
                0x00000667       0x2c c:/nxp/mcuxpressoide_11.0.1_2563/ide/plugins/com.nxp.mcuxpresso.tools.win32_11.0.1.201907311258/tools/bin/../lib/gcc/arm-none-eabi/8.2.1/../../../../arm-none-eabi/lib/thumb/v6-m/nofp\libcr_c.a(remove.o)
 .ARM.attributes
                0x00000693       0x2c c:/nxp/mcuxpressoide_11.0.1_2563/ide/plugins/com.nxp.mcuxpresso.tools.win32_11.0.1.201907311258/tools/bin/../lib/gcc/arm-none-eabi/8.2.1/../../../../arm-none-eabi/lib/thumb/v6-m/nofp\libcr_c.a(_cr_check_heap.o)
 .ARM.attributes
                0x000006bf       0x2c c:/nxp/mcuxpressoide_11.0.1_2563/ide/plugins/com.nxp.mcuxpresso.tools.win32_11.0.1.201907311258/tools/bin/../lib/gcc/arm-none-eabi/8.2.1/../../../../arm-none-eabi/lib/thumb/v6-m/nofp\libcr_c.a(_do_fflush.o)
 .ARM.attributes
                0x000006eb       0x1c c:/nxp/mcuxpressoide_11.0.1_2563/ide/plugins/com.nxp.mcuxpresso.tools.win32_11.0.1.201907311258/tools/bin/../lib/gcc/arm-none-eabi/8.2.1/thumb/v6-m/nofp\libcr_eabihelpers.a(division_32.o)
 .ARM.attributes
                0x00000707       0x1c c:/nxp/mcuxpressoide_11.0.1_2563/ide/plugins/com.nxp.mcuxpresso.tools.win32_11.0.1.201907311258/tools/bin/../lib/gcc/arm-none-eabi/8.2.1/thumb/v6-m/nofp\libcr_eabihelpers.a(division_idiv0.o)
 .ARM.attributes
                0x00000723       0x2c c:/nxp/mcuxpressoide_11.0.1_2563/ide/plugins/com.nxp.mcuxpresso.tools.win32_11.0.1.201907311258/tools/bin/../lib/gcc/arm-none-eabi/8.2.1/thumb/v6-m/nofp\libcr_eabihelpers.a(double.o)
 .ARM.attributes
                0x0000074f       0x1c c:/nxp/mcuxpressoide_11.0.1_2563/ide/plugins/com.nxp.mcuxpresso.tools.win32_11.0.1.201907311258/tools/bin/../lib/gcc/arm-none-eabi/8.2.1/thumb/v6-m/nofp\libcr_eabihelpers.a(memcpy.o)
 .ARM.attributes
                0x0000076b       0x31 c:/nxp/mcuxpressoide_11.0.1_2563/ide/plugins/com.nxp.mcuxpresso.tools.win32_11.0.1.201907311258/tools/bin/../lib/gcc/arm-none-eabi/8.2.1/../../../../arm-none-eabi/lib/thumb/v6-m/nofp\libcr_nohost_nf.a(__ciob.o)
 .ARM.attributes
                0x0000079c       0x2c c:/nxp/mcuxpressoide_11.0.1_2563/ide/plugins/com.nxp.mcuxpresso.tools.win32_11.0.1.201907311258/tools/bin/../lib/gcc/arm-none-eabi/8.2.1/../../../../arm-none-eabi/lib/thumb/v6-m/nofp\libcr_nohost_nf.a(__sys_close.o)
 .ARM.attributes
                0x000007c8       0x2c c:/nxp/mcuxpressoide_11.0.1_2563/ide/plugins/com.nxp.mcuxpresso.tools.win32_11.0.1.201907311258/tools/bin/../lib/gcc/arm-none-eabi/8.2.1/../../../../arm-none-eabi/lib/thumb/v6-m/nofp\libcr_nohost_nf.a(__sys_flen.o)
 .ARM.attributes
                0x000007f4       0x2c c:/nxp/mcuxpressoide_11.0.1_2563/ide/plugins/com.nxp.mcuxpresso.tools.win32_11.0.1.201907311258/tools/bin/../lib/gcc/arm-none-eabi/8.2.1/../../../../arm-none-eabi/lib/thumb/v6-m/nofp\libcr_nohost_nf.a(__sys_istty.o)
 .ARM.attributes
                0x00000820       0x2c c:/nxp/mcuxpressoide_11.0.1_2563/ide/plugins/com.nxp.mcuxpresso.tools.win32_11.0.1.201907311258/tools/bin/../lib/gcc/arm-none-eabi/8.2.1/../../../../arm-none-eabi/lib/thumb/v6-m/nofp\libcr_nohost_nf.a(__sys_remove.o)
 .ARM.attributes
                0x0000084c       0x2c c:/nxp/mcuxpressoide_11.0.1_2563/ide/plugins/com.nxp.mcuxpresso.tools.win32_11.0.1.201907311258/tools/bin/../lib/gcc/arm-none-eabi/8.2.1/../../../../arm-none-eabi/lib/thumb/v6-m/nofp\libcr_nohost_nf.a(__sys_seek.o)
 .ARM.attributes
                0x00000878       0x2c c:/nxp/mcuxpressoide_11.0.1_2563/ide/plugins/com.nxp.mcuxpresso.tools.win32_11.0.1.201907311258/tools/bin/../lib/gcc/arm-none-eabi/8.2.1/../../../../arm-none-eabi/lib/thumb/v6-m/nofp\libcr_nohost_nf.a(__sys_tmpnam.o)
 .ARM.attributes
                0x000008a4       0x2c c:/nxp/mcuxpressoide_11.0.1_2563/ide/plugins/com.nxp.mcuxpresso.tools.win32_11.0.1.201907311258/tools/bin/../lib/gcc/arm-none-eabi/8.2.1/../../../../arm-none-eabi/lib/thumb/v6-m/nofp\libcr_nohost_nf.a(__sys_write.o)

.debug_frame    0x00000000     0x1e38
 .debug_frame   0x00000000      0x1f0 ./utilities/fsl_debug_console.o
 .debug_frame   0x000001f0      0x3b0 ./startup/startup_mkl25z4.o
 .debug_frame   0x000005a0       0x30 ./source/UART_PES5.o
 .debug_frame   0x000005d0       0x20 ./source/semihost_hardfault.o
 .debug_frame   0x000005f0      0x6e0 ./drivers/fsl_clock.o
 .debug_frame   0x00000cd0       0x90 ./drivers/fsl_common.o
 .debug_frame   0x00000d60       0xb0 ./drivers/fsl_gpio.o
 .debug_frame   0x00000e10      0x418 ./drivers/fsl_lpsci.o
 .debug_frame   0x00001228      0x468 ./drivers/fsl_uart.o
 .debug_frame   0x00001690       0xf0 ./board/CIRCULAR_BUFFER.o
 .debug_frame   0x00001780      0x104 ./board/Delay_Function.o
 .debug_frame   0x00001884      0x14c ./board/LED_Blink.o
 .debug_frame   0x000019d0      0x14c ./board/UART.o
 .debug_frame   0x00001b1c       0xcc ./board/Unit_Testing.o
 .debug_frame   0x00001be8       0x50 ./board/board.o
 .debug_frame   0x00001c38      0x100 ./board/clock_config.o
 .debug_frame   0x00001d38       0x2c ./board/peripherals.o
 .debug_frame   0x00001d64       0x88 ./board/pin_mux.o
 .debug_frame   0x00001dec       0x4c ./CMSIS/system_MKL25Z4.o

Cross Reference Table

Symbol                                            File
ADC0_DriverIRQHandler                             ./startup/startup_mkl25z4.o
ADC0_IRQHandler                                   ./startup/startup_mkl25z4.o
Add_Element_To_Buffer                             ./board/CIRCULAR_BUFFER.o
                                                  ./board/UART.o
Add_String_To_Buffer                              ./board/CIRCULAR_BUFFER.o
BLUE_LED_INIT                                     ./board/LED_Blink.o
                                                  ./source/UART_PES5.o
BLUE_LED_OFF                                      ./board/LED_Blink.o
                                                  ./board/UART.o
                                                  ./board/CIRCULAR_BUFFER.o
                                                  ./source/UART_PES5.o
BLUE_LED_ON                                       ./board/LED_Blink.o
                                                  ./board/UART.o
                                                  ./board/CIRCULAR_BUFFER.o
                                                  ./source/UART_PES5.o
BOARD_BootClockRUN                                ./board/clock_config.o
                                                  ./source/UART_PES5.o
BOARD_BootClockVLPR                               ./board/clock_config.o
BOARD_InitBootClocks                              ./board/clock_config.o
                                                  ./source/UART_PES5.o
BOARD_InitBootPeripherals                         ./board/peripherals.o
                                                  ./source/UART_PES5.o
BOARD_InitBootPins                                ./board/pin_mux.o
                                                  ./source/UART_PES5.o
BOARD_InitDebugConsole                            ./board/board.o
                                                  ./source/UART_PES5.o
BOARD_InitPins                                    ./board/pin_mux.o
                                                  ./source/UART_PES5.o
Buffer_Destroy                                    ./board/Unit_Testing.o
Buffer_OverEmpty                                  ./board/Unit_Testing.o
Buffer_OverFill                                   ./board/Unit_Testing.o
CLOCK_BootToBlpeMode                              ./drivers/fsl_clock.o
CLOCK_BootToBlpiMode                              ./drivers/fsl_clock.o
                                                  ./board/clock_config.o
CLOCK_BootToFeeMode                               ./drivers/fsl_clock.o
CLOCK_BootToFeiMode                               ./drivers/fsl_clock.o
CLOCK_BootToPeeMode                               ./drivers/fsl_clock.o
                                                  ./board/clock_config.o
CLOCK_CalcPllDiv                                  ./drivers/fsl_clock.o
CLOCK_ClearStatusFlags                            ./drivers/fsl_clock.o
CLOCK_DeinitOsc0                                  ./drivers/fsl_clock.o
CLOCK_EnablePll0                                  ./drivers/fsl_clock.o
CLOCK_EnableUsbfs0Clock                           ./drivers/fsl_clock.o
CLOCK_ExternalModeToFbeModeQuick                  ./drivers/fsl_clock.o
CLOCK_FllStableDelay                              ./drivers/fsl_clock.o
CLOCK_GetBusClkFreq                               ./drivers/fsl_clock.o
CLOCK_GetCoreSysClkFreq                           ./drivers/fsl_clock.o
CLOCK_GetEr32kClkFreq                             ./drivers/fsl_clock.o
CLOCK_GetFixedFreqClkFreq                         ./drivers/fsl_clock.o
CLOCK_GetFlashClkFreq                             ./drivers/fsl_clock.o
CLOCK_GetFllFreq                                  ./drivers/fsl_clock.o
CLOCK_GetFreq                                     ./drivers/fsl_clock.o
CLOCK_GetInternalRefClkFreq                       ./drivers/fsl_clock.o
CLOCK_GetMode                                     ./drivers/fsl_clock.o
CLOCK_GetOsc0ErClkFreq                            ./drivers/fsl_clock.o
CLOCK_GetOutClkFreq                               ./drivers/fsl_clock.o
CLOCK_GetPlatClkFreq                              ./drivers/fsl_clock.o
CLOCK_GetPll0Freq                                 ./drivers/fsl_clock.o
CLOCK_GetPllFllSelClkFreq                         ./drivers/fsl_clock.o
                                                  ./board/board.o
CLOCK_GetStatusFlags                              ./drivers/fsl_clock.o
CLOCK_InitOsc0                                    ./drivers/fsl_clock.o
                                                  ./board/clock_config.o
CLOCK_InternalModeToFbiModeQuick                  ./drivers/fsl_clock.o
CLOCK_SetBlpeMode                                 ./drivers/fsl_clock.o
CLOCK_SetBlpiMode                                 ./drivers/fsl_clock.o
CLOCK_SetExternalRefClkConfig                     ./drivers/fsl_clock.o
CLOCK_SetFbeMode                                  ./drivers/fsl_clock.o
CLOCK_SetFbiMode                                  ./drivers/fsl_clock.o
CLOCK_SetFeeMode                                  ./drivers/fsl_clock.o
CLOCK_SetFeiMode                                  ./drivers/fsl_clock.o
CLOCK_SetInternalRefClkConfig                     ./drivers/fsl_clock.o
                                                  ./board/clock_config.o
CLOCK_SetMcgConfig                                ./drivers/fsl_clock.o
CLOCK_SetOsc0MonitorMode                          ./drivers/fsl_clock.o
CLOCK_SetPbeMode                                  ./drivers/fsl_clock.o
CLOCK_SetPeeMode                                  ./drivers/fsl_clock.o
CLOCK_SetPll0MonitorMode                          ./drivers/fsl_clock.o
CLOCK_SetSimConfig                                ./drivers/fsl_clock.o
                                                  ./board/clock_config.o
CLOCK_TrimInternalRefClk                          ./drivers/fsl_clock.o
CMP0_DriverIRQHandler                             ./startup/startup_mkl25z4.o
CMP0_IRQHandler                                   ./startup/startup_mkl25z4.o
Check_Buffer                                      ./board/CIRCULAR_BUFFER.o
                                                  ./board/Unit_Testing.o
                                                  ./board/UART.o
Count_Characters                                  ./board/Counting_Characters.o
Current_Timer                                     ./board/Delay_Function.o
DAC0_DriverIRQHandler                             ./startup/startup_mkl25z4.o
DAC0_IRQHandler                                   ./startup/startup_mkl25z4.o
DMA0_DriverIRQHandler                             ./startup/startup_mkl25z4.o
DMA0_IRQHandler                                   ./startup/startup_mkl25z4.o
DMA1_DriverIRQHandler                             ./startup/startup_mkl25z4.o
DMA1_IRQHandler                                   ./startup/startup_mkl25z4.o
DMA2_DriverIRQHandler                             ./startup/startup_mkl25z4.o
DMA2_IRQHandler                                   ./startup/startup_mkl25z4.o
DMA3_DriverIRQHandler                             ./startup/startup_mkl25z4.o
DMA3_IRQHandler                                   ./startup/startup_mkl25z4.o
DbgConsole_Deinit                                 ./utilities/fsl_debug_console.o
DbgConsole_Getchar                                ./utilities/fsl_debug_console.o
DbgConsole_Init                                   ./utilities/fsl_debug_console.o
                                                  ./board/board.o
DbgConsole_Printf                                 ./utilities/fsl_debug_console.o
                                                  ./board/System.o
                                                  ./board/Logger.o
                                                  ./board/Counting_Characters.o
                                                  ./board/CIRCULAR_BUFFER.o
                                                  ./drivers/fsl_common.o
DbgConsole_Putchar                                ./utilities/fsl_debug_console.o
DbgConsole_Scanf                                  ./utilities/fsl_debug_console.o
Delay_Time                                        ./board/Delay_Function.o
                                                  ./board/UART.o
                                                  ./board/CIRCULAR_BUFFER.o
                                                  ./source/UART_PES5.o
Destroy_Buffer                                    ./board/CIRCULAR_BUFFER.o
                                                  ./board/Unit_Testing.o
Echo                                              ./board/UART.o
                                                  ./source/UART_PES5.o
Expand_Buffer                                     ./board/CIRCULAR_BUFFER.o
FLASH_Erase                                       ./drivers/fsl_flash.o
FLASH_EraseAll                                    ./drivers/fsl_flash.o
FLASH_EraseAllExecuteOnlySegments                 ./drivers/fsl_flash.o
FLASH_GetProperty                                 ./drivers/fsl_flash.o
FLASH_GetSecurityState                            ./drivers/fsl_flash.o
FLASH_Init                                        ./drivers/fsl_flash.o
FLASH_IsExecuteOnly                               ./drivers/fsl_flash.o
FLASH_IsProtected                                 ./drivers/fsl_flash.o
FLASH_PflashGetPrefetchSpeculation                ./drivers/fsl_flash.o
FLASH_PflashGetProtection                         ./drivers/fsl_flash.o
FLASH_PflashSetPrefetchSpeculation                ./drivers/fsl_flash.o
                                                  ./drivers/fsl_smc.o
FLASH_PflashSetProtection                         ./drivers/fsl_flash.o
FLASH_PrepareExecuteInRamFunctions                ./drivers/fsl_flash.o
FLASH_Program                                     ./drivers/fsl_flash.o
FLASH_ProgramOnce                                 ./drivers/fsl_flash.o
FLASH_ReadOnce                                    ./drivers/fsl_flash.o
FLASH_ReadResource                                ./drivers/fsl_flash.o
FLASH_SecurityBypass                              ./drivers/fsl_flash.o
FLASH_SetCallback                                 ./drivers/fsl_flash.o
FLASH_SetProperty                                 ./drivers/fsl_flash.o
FLASH_VerifyErase                                 ./drivers/fsl_flash.o
FLASH_VerifyEraseAll                              ./drivers/fsl_flash.o
FLASH_VerifyEraseAllExecuteOnlySegments           ./drivers/fsl_flash.o
FLASH_VerifyProgram                               ./drivers/fsl_flash.o
FTFA_DriverIRQHandler                             ./startup/startup_mkl25z4.o
FTFA_IRQHandler                                   ./startup/startup_mkl25z4.o
Flash_Config                                      ./startup/startup_mkl25z4.o
GPIO_ClearPinsInterruptFlags                      ./drivers/fsl_gpio.o
GPIO_GetPinsInterruptFlags                        ./drivers/fsl_gpio.o
GPIO_PinInit                                      ./drivers/fsl_gpio.o
                                                  ./board/LED_Blink.o
GREEN_LED_INIT                                    ./board/LED_Blink.o
                                                  ./source/UART_PES5.o
GREEN_LED_OFF                                     ./board/LED_Blink.o
GREEN_LED_ON                                      ./board/LED_Blink.o
                                                  ./board/UART.o
HardFault_Handler                                 ./source/semihost_hardfault.o
                                                  ./startup/startup_mkl25z4.o
I2C0_DriverIRQHandler                             ./startup/startup_mkl25z4.o
I2C0_IRQHandler                                   ./startup/startup_mkl25z4.o
I2C1_DriverIRQHandler                             ./startup/startup_mkl25z4.o
I2C1_IRQHandler                                   ./startup/startup_mkl25z4.o
Init_Buffer                                       ./board/CIRCULAR_BUFFER.o
                                                  ./board/Unit_Testing.o
                                                  ./source/UART_PES5.o
Init_Systick                                      ./board/Delay_Function.o
Init_UART0                                        ./board/UART.o
                                                  ./source/UART_PES5.o
InstallIRQHandler                                 ./drivers/fsl_common.o
IntDefaultHandler                                 ./startup/startup_mkl25z4.o
LED_config                                        ./board/LED_Blink.o
LLWU_DriverIRQHandler                             ./startup/startup_mkl25z4.o
LLWU_IRQHandler                                   ./startup/startup_mkl25z4.o
LPSCI_ClearStatusFlags                            ./drivers/fsl_lpsci.o
LPSCI_Deinit                                      ./drivers/fsl_lpsci.o
                                                  ./utilities/fsl_debug_console.o
LPSCI_DisableInterrupts                           ./drivers/fsl_lpsci.o
LPSCI_EnableInterrupts                            ./drivers/fsl_lpsci.o
LPSCI_GetDefaultConfig                            ./drivers/fsl_lpsci.o
                                                  ./utilities/fsl_debug_console.o
LPSCI_GetEnabledInterrupts                        ./drivers/fsl_lpsci.o
LPSCI_GetInstance                                 ./drivers/fsl_lpsci.o
LPSCI_GetStatusFlags                              ./drivers/fsl_lpsci.o
LPSCI_Init                                        ./drivers/fsl_lpsci.o
                                                  ./utilities/fsl_debug_console.o
LPSCI_ReadBlocking                                ./drivers/fsl_lpsci.o
                                                  ./utilities/fsl_debug_console.o
LPSCI_SetBaudRate                                 ./drivers/fsl_lpsci.o
LPSCI_TransferAbortReceive                        ./drivers/fsl_lpsci.o
LPSCI_TransferAbortSend                           ./drivers/fsl_lpsci.o
LPSCI_TransferCreateHandle                        ./drivers/fsl_lpsci.o
LPSCI_TransferGetReceiveCount                     ./drivers/fsl_lpsci.o
LPSCI_TransferGetSendCount                        ./drivers/fsl_lpsci.o
LPSCI_TransferHandleErrorIRQ                      ./drivers/fsl_lpsci.o
LPSCI_TransferHandleIRQ                           ./drivers/fsl_lpsci.o
LPSCI_TransferReceiveNonBlocking                  ./drivers/fsl_lpsci.o
LPSCI_TransferSendNonBlocking                     ./drivers/fsl_lpsci.o
LPSCI_TransferStartRingBuffer                     ./drivers/fsl_lpsci.o
LPSCI_TransferStopRingBuffer                      ./drivers/fsl_lpsci.o
LPSCI_WriteBlocking                               ./drivers/fsl_lpsci.o
                                                  ./utilities/fsl_debug_console.o
LPTMR0_DriverIRQHandler                           ./startup/startup_mkl25z4.o
LPTMR0_IRQHandler                                 ./startup/startup_mkl25z4.o
LVD_LVW_DriverIRQHandler                          ./startup/startup_mkl25z4.o
LVD_LVW_IRQHandler                                ./startup/startup_mkl25z4.o
Log_Data                                          ./board/Logger.o
Log_Disabled                                      ./board/Logger.o
Log_Enabled                                       ./board/Logger.o
Log_Integer                                       ./board/Logger.o
Log_String                                        ./board/Logger.o
                                                  ./board/Delay_Function.o
                                                  ./board/CIRCULAR_BUFFER.o
Log_Uart_Data                                     ./board/Logger.o
MCG_DriverIRQHandler                              ./startup/startup_mkl25z4.o
MCG_IRQHandler                                    ./startup/startup_mkl25z4.o
NMI_Handler                                       ./startup/startup_mkl25z4.o
Null_ptr                                          ./board/Unit_Testing.o
                                                  ./board/CIRCULAR_BUFFER.o
PIT_DriverIRQHandler                              ./startup/startup_mkl25z4.o
PIT_IRQHandler                                    ./startup/startup_mkl25z4.o
PORTA_DriverIRQHandler                            ./startup/startup_mkl25z4.o
PORTA_IRQHandler                                  ./startup/startup_mkl25z4.o
PORTD_DriverIRQHandler                            ./startup/startup_mkl25z4.o
PORTD_IRQHandler                                  ./startup/startup_mkl25z4.o
PendSV_Handler                                    ./startup/startup_mkl25z4.o
Poling_Function                                   ./board/UART.o
RED_LED_INIT                                      ./board/LED_Blink.o
                                                  ./source/UART_PES5.o
RED_LED_OFF                                       ./board/LED_Blink.o
                                                  ./board/CIRCULAR_BUFFER.o
RED_LED_ON                                        ./board/LED_Blink.o
                                                  ./board/CIRCULAR_BUFFER.o
RTC_DriverIRQHandler                              ./startup/startup_mkl25z4.o
RTC_IRQHandler                                    ./startup/startup_mkl25z4.o
RTC_Seconds_DriverIRQHandler                      ./startup/startup_mkl25z4.o
RTC_Seconds_IRQHandler                            ./startup/startup_mkl25z4.o
RX_Interrupt_Flag                                 ./source/UART_PES5.o
                                                  ./board/UART.o
Receive_Data_Interupt                             ./board/UART.o
Remove_Element_From_Buffer                        ./board/CIRCULAR_BUFFER.o
                                                  ./board/UART.o
Reserved20_DriverIRQHandler                       ./startup/startup_mkl25z4.o
Reserved20_IRQHandler                             ./startup/startup_mkl25z4.o
Reserved39_DriverIRQHandler                       ./startup/startup_mkl25z4.o
Reserved39_IRQHandler                             ./startup/startup_mkl25z4.o
Reserved45_DriverIRQHandler                       ./startup/startup_mkl25z4.o
Reserved45_IRQHandler                             ./startup/startup_mkl25z4.o
ResetISR                                          ./startup/startup_mkl25z4.o
SMC_PostExitStopModes                             ./drivers/fsl_smc.o
SMC_PreEnterStopModes                             ./drivers/fsl_smc.o
SMC_SetPowerModeLls                               ./drivers/fsl_smc.o
SMC_SetPowerModeRun                               ./drivers/fsl_smc.o
SMC_SetPowerModeStop                              ./drivers/fsl_smc.o
SMC_SetPowerModeVlls                              ./drivers/fsl_smc.o
SMC_SetPowerModeVlpr                              ./drivers/fsl_smc.o
                                                  ./board/clock_config.o
SMC_SetPowerModeVlps                              ./drivers/fsl_smc.o
SMC_SetPowerModeVlpw                              ./drivers/fsl_smc.o
SMC_SetPowerModeWait                              ./drivers/fsl_smc.o
SPI0_DriverIRQHandler                             ./startup/startup_mkl25z4.o
SPI0_IRQHandler                                   ./startup/startup_mkl25z4.o
SPI1_DriverIRQHandler                             ./startup/startup_mkl25z4.o
SPI1_IRQHandler                                   ./startup/startup_mkl25z4.o
SVC_Handler                                       ./startup/startup_mkl25z4.o
Send_String_Poll                                  ./board/Logger.o
Status                                            ./board/Logger.o
SysTick_Handler                                   ./board/Delay_Function.o
                                                  ./startup/startup_mkl25z4.o
SystemCoreClock                                   ./CMSIS/system_MKL25Z4.o
                                                  ./board/clock_config.o
SystemCoreClockUpdate                             ./CMSIS/system_MKL25Z4.o
SystemInit                                        ./CMSIS/system_MKL25Z4.o
                                                  ./startup/startup_mkl25z4.o
System_Init                                       ./board/System.o
                                                  ./board/Unit_Testing.o
System_Recover                                    ./board/System.o
System_Safestate                                  ./board/System.o
                                                  ./board/Unit_Testing.o
System_Shutdown                                   ./board/System.o
System_WriteInt                                   ./board/System.o
                                                  ./board/Unit_Testing.o
System_WriteString                                ./board/System.o
                                                  ./board/Unit_Testing.o
System_exit                                       ./board/System.o
TPM0_DriverIRQHandler                             ./startup/startup_mkl25z4.o
TPM0_IRQHandler                                   ./startup/startup_mkl25z4.o
TPM1_DriverIRQHandler                             ./startup/startup_mkl25z4.o
TPM1_IRQHandler                                   ./startup/startup_mkl25z4.o
TPM2_DriverIRQHandler                             ./startup/startup_mkl25z4.o
TPM2_IRQHandler                                   ./startup/startup_mkl25z4.o
TSI0_DriverIRQHandler                             ./startup/startup_mkl25z4.o
TSI0_IRQHandler                                   ./startup/startup_mkl25z4.o
TX_Interrupt_Flag                                 ./source/UART_PES5.o
                                                  ./board/UART.o
Test_Data_Access                                  ./board/Unit_Testing.o
TimeOut_Counter                                   ./board/Delay_Function.o
Time_Stamp                                        ./board/Delay_Function.o
Timer                                             ./board/Delay_Function.o
UART0_DriverIRQHandler                            ./drivers/fsl_lpsci.o
                                                  ./startup/startup_mkl25z4.o
UART0_IRQHandler                                  ./board/UART.o
                                                  ./startup/startup_mkl25z4.o
UART0_Receive_Poll                                ./board/UART.o
UART0_Transmit_Poll                               ./board/UART.o
                                                  ./board/Logger.o
UART1_DriverIRQHandler                            ./drivers/fsl_uart.o
                                                  ./startup/startup_mkl25z4.o
UART1_IRQHandler                                  ./startup/startup_mkl25z4.o
UART1_RX_TX_DriverIRQHandler                      ./drivers/fsl_uart.o
UART2_DriverIRQHandler                            ./drivers/fsl_uart.o
                                                  ./startup/startup_mkl25z4.o
UART2_IRQHandler                                  ./startup/startup_mkl25z4.o
UART2_RX_TX_DriverIRQHandler                      ./drivers/fsl_uart.o
UART_ClearStatusFlags                             ./drivers/fsl_uart.o
UART_Deinit                                       ./drivers/fsl_uart.o
                                                  ./utilities/fsl_debug_console.o
UART_DisableInterrupts                            ./drivers/fsl_uart.o
UART_EnableInterrupts                             ./drivers/fsl_uart.o
UART_GetDefaultConfig                             ./drivers/fsl_uart.o
                                                  ./utilities/fsl_debug_console.o
UART_GetEnabledInterrupts                         ./drivers/fsl_uart.o
UART_GetInstance                                  ./drivers/fsl_uart.o
UART_GetStatusFlags                               ./drivers/fsl_uart.o
UART_Init                                         ./drivers/fsl_uart.o
                                                  ./utilities/fsl_debug_console.o
UART_ReadBlocking                                 ./drivers/fsl_uart.o
                                                  ./utilities/fsl_debug_console.o
UART_SetBaudRate                                  ./drivers/fsl_uart.o
UART_TransferAbortReceive                         ./drivers/fsl_uart.o